Component: ARM Compiler 5.05 update 1 (build 106) Tool: armlink [4d0efa]

==============================================================================

Section Cross References

    startup_stm32l496xx.o(RESET) refers to startup_stm32l496xx.o(STACK) for __initial_sp
    startup_stm32l496xx.o(RESET) refers to startup_stm32l496xx.o(.text) for Reset_Handler
    startup_stm32l496xx.o(RESET) refers to stm32l4xx_it.o(i.NMI_Handler) for NMI_Handler
    startup_stm32l496xx.o(RESET) refers to stm32l4xx_it.o(i.HardFault_Handler) for HardFault_Handler
    startup_stm32l496xx.o(RESET) refers to stm32l4xx_it.o(i.MemManage_Handler) for MemManage_Handler
    startup_stm32l496xx.o(RESET) refers to stm32l4xx_it.o(i.BusFault_Handler) for BusFault_Handler
    startup_stm32l496xx.o(RESET) refers to stm32l4xx_it.o(i.UsageFault_Handler) for UsageFault_Handler
    startup_stm32l496xx.o(RESET) refers to port.o(.emb_text) for SVC_Handler
    startup_stm32l496xx.o(RESET) refers to stm32l4xx_it.o(i.DebugMon_Handler) for DebugMon_Handler
    startup_stm32l496xx.o(RESET) refers to stm32l4xx_it.o(i.SysTick_Handler) for SysTick_Handler
    startup_stm32l496xx.o(RESET) refers to stm32l4xx_it.o(i.DMA1_Channel2_IRQHandler) for DMA1_Channel2_IRQHandler
    startup_stm32l496xx.o(RESET) refers to stm32l4xx_it.o(i.DMA1_Channel3_IRQHandler) for DMA1_Channel3_IRQHandler
    startup_stm32l496xx.o(RESET) refers to stm32l4xx_it.o(i.DMA1_Channel4_IRQHandler) for DMA1_Channel4_IRQHandler
    startup_stm32l496xx.o(RESET) refers to stm32l4xx_it.o(i.DMA1_Channel5_IRQHandler) for DMA1_Channel5_IRQHandler
    startup_stm32l496xx.o(RESET) refers to stm32l4xx_it.o(i.DMA1_Channel6_IRQHandler) for DMA1_Channel6_IRQHandler
    startup_stm32l496xx.o(RESET) refers to stm32l4xx_it.o(i.DMA1_Channel7_IRQHandler) for DMA1_Channel7_IRQHandler
    startup_stm32l496xx.o(RESET) refers to stm32l4xx_it.o(i.TIM1_UP_TIM16_IRQHandler) for TIM1_UP_TIM16_IRQHandler
    startup_stm32l496xx.o(RESET) refers to stm32l4xx_it.o(i.USART1_IRQHandler) for USART1_IRQHandler
    startup_stm32l496xx.o(RESET) refers to stm32l4xx_it.o(i.USART2_IRQHandler) for USART2_IRQHandler
    startup_stm32l496xx.o(RESET) refers to stm32l4xx_it.o(i.USART3_IRQHandler) for USART3_IRQHandler
    startup_stm32l496xx.o(RESET) refers to stm32l4xx_it.o(i.TIM6_DAC_IRQHandler) for TIM6_DAC_IRQHandler
    startup_stm32l496xx.o(RESET) refers to stm32l4xx_it.o(i.TIM7_IRQHandler) for TIM7_IRQHandler
    startup_stm32l496xx.o(.text) refers to system_stm32l4xx.o(i.SystemInit) for SystemInit
    startup_stm32l496xx.o(.text) refers to entry.o(.ARM.Collect$$$$00000000) for __main
    fonts.o(.data) refers to fonts.o(.constdata) for Font7x10
    fonts.o(.data) refers to fonts.o(.constdata) for Font11x18
    fonts.o(.data) refers to fonts.o(.constdata) for Font16x26
    fonts.o(.data) refers to dejavu_8x14.o(.constdata) for dejavu_8x15_RU
    fonts.o(.data) refers to dejavu_8x14.o(.constdata) for dejavu_8x14
    fonts.o(.data) refers to dejavu_5x10.o(.constdata) for dejavu_5x10_RU
    fonts.o(.data) refers to dejavu_5x10.o(.constdata) for dejavu_5x10
    ssd1306.o(i.check_logo) refers to ssd1306.o(i.ssd1306_DrawPixel) for ssd1306_DrawPixel
    ssd1306.o(i.check_logo) refers to fonts.o(.constdata) for tik_logo2
    ssd1306.o(i.horizont_line) refers to ssd1306.o(i.ssd1306_DrawPixel) for ssd1306_DrawPixel
    ssd1306.o(i.logo) refers to ssd1306.o(i.ssd1306_DrawPixel) for ssd1306_DrawPixel
    ssd1306.o(i.logo) refers to fonts.o(.constdata) for tik_logo2
    ssd1306.o(i.rombus) refers to ssd1306.o(i.ssd1306_DrawPixel) for ssd1306_DrawPixel
    ssd1306.o(i.ssd1306_DrawPixel) refers to ssd1306.o(.data) for .data
    ssd1306.o(i.ssd1306_DrawPixel) refers to ssd1306.o(.bss) for .bss
    ssd1306.o(i.ssd1306_Fill) refers to ssd1306.o(.bss) for .bss
    ssd1306.o(i.ssd1306_Init) refers to stm32l4xx_hal_gpio.o(i.HAL_GPIO_WritePin) for HAL_GPIO_WritePin
    ssd1306.o(i.ssd1306_Init) refers to stm32l4xx_hal.o(i.HAL_Delay) for HAL_Delay
    ssd1306.o(i.ssd1306_Init) refers to ssd1306.o(i.ssd1306_WriteCommand) for ssd1306_WriteCommand
    ssd1306.o(i.ssd1306_Init) refers to ssd1306.o(i.ssd1306_Fill) for ssd1306_Fill
    ssd1306.o(i.ssd1306_Init) refers to ssd1306.o(i.ssd1306_UpdateScreen) for ssd1306_UpdateScreen
    ssd1306.o(i.ssd1306_Init) refers to ssd1306.o(.data) for .data
    ssd1306.o(i.ssd1306_SetCursor) refers to ssd1306.o(.data) for .data
    ssd1306.o(i.ssd1306_UpdateScreen) refers to stm32l4xx_hal_gpio.o(i.HAL_GPIO_WritePin) for HAL_GPIO_WritePin
    ssd1306.o(i.ssd1306_UpdateScreen) refers to stm32l4xx_hal_spi.o(i.HAL_SPI_Transmit) for HAL_SPI_Transmit
    ssd1306.o(i.ssd1306_UpdateScreen) refers to ssd1306.o(.bss) for .bss
    ssd1306.o(i.ssd1306_UpdateScreen) refers to spi.o(.bss) for hspi3
    ssd1306.o(i.ssd1306_WriteChar) refers to ssd1306.o(i.ssd1306_DrawPixel) for ssd1306_DrawPixel
    ssd1306.o(i.ssd1306_WriteChar) refers to ssd1306.o(.data) for .data
[...]
    Removing stream_buffer.o(i.xStreamBufferBytesAvailable), (22 bytes).
    Removing stream_buffer.o(i.xStreamBufferGenericCreate), (82 bytes).
    Removing stream_buffer.o(i.xStreamBufferIsEmpty), (34 bytes).
    Removing stream_buffer.o(i.xStreamBufferIsFull), (48 bytes).
    Removing stream_buffer.o(i.xStreamBufferReceive), (212 bytes).
    Removing stream_buffer.o(i.xStreamBufferReceiveCompletedFromISR), (70 bytes).
    Removing stream_buffer.o(i.xStreamBufferReceiveFromISR), (144 bytes).
    Removing stream_buffer.o(i.xStreamBufferReset), (58 bytes).
    Removing stream_buffer.o(i.xStreamBufferSend), (236 bytes).
    Removing stream_buffer.o(i.xStreamBufferSendCompletedFromISR), (70 bytes).
    Removing stream_buffer.o(i.xStreamBufferSendFromISR), (142 bytes).
    Removing stream_buffer.o(i.xStreamBufferSetTriggerLevel), (40 bytes).
    Removing stream_buffer.o(i.xStreamBufferSpacesAvailable), (38 bytes).
    Removing tasks.o(i.pcTaskGetName), (32 bytes).
    Removing tasks.o(i.prvTaskIsTaskSuspended), (52 bytes).
    Removing tasks.o(i.pvTaskIncrementMutexHeldCount), (24 bytes).
    Removing tasks.o(i.ulTaskNotifyTake), (104 bytes).
    Removing tasks.o(i.uxTaskGetNumberOfTasks), (12 bytes).
    Removing tasks.o(i.uxTaskPriorityGet), (28 bytes).
    Removing tasks.o(i.uxTaskPriorityGetFromISR), (44 bytes).
    Removing tasks.o(i.uxTaskResetEventItemValue), (24 bytes).
    Removing tasks.o(i.vTaskDelete), (172 bytes).
    Removing tasks.o(i.vTaskEndScheduler), (28 bytes).
    Removing tasks.o(i.vTaskInternalSetTimeOutState), (16 bytes).
    Removing tasks.o(i.vTaskMissedYield), (12 bytes).
    Removing tasks.o(i.vTaskNotifyGiveFromISR), (184 bytes).
    Removing tasks.o(i.vTaskPlaceOnEventList), (48 bytes).
    Removing tasks.o(i.vTaskPlaceOnUnorderedEventList), (80 bytes).
    Removing tasks.o(i.vTaskPriorityDisinheritAfterTimeout), (168 bytes).
    Removing tasks.o(i.vTaskPrioritySet), (196 bytes).
    Removing tasks.o(i.vTaskRemoveFromUnorderedEventList), (112 bytes).
    Removing tasks.o(i.vTaskResume), (124 bytes).
    Removing tasks.o(i.vTaskSetTimeOutState), (48 bytes).
    Removing tasks.o(i.vTaskSuspend), (188 bytes).
    Removing tasks.o(i.xTaskCheckForTimeOut), (116 bytes).
    Removing tasks.o(i.xTaskGenericNotify), (204 bytes).
    Removing tasks.o(i.xTaskGenericNotifyFromISR), (240 bytes).
    Removing tasks.o(i.xTaskGetCurrentTaskHandle), (12 bytes).
    Removing tasks.o(i.xTaskGetTickCount), (12 bytes).
    Removing tasks.o(i.xTaskGetTickCountFromISR), (16 bytes).
    Removing tasks.o(i.xTaskNotifyStateClear), (52 bytes).
    Removing tasks.o(i.xTaskNotifyWait), (140 bytes).
    Removing tasks.o(i.xTaskPriorityDisinherit), (152 bytes).
    Removing tasks.o(i.xTaskPriorityInherit), (148 bytes).
    Removing tasks.o(i.xTaskRemoveFromEventList), (116 bytes).
    Removing tasks.o(i.xTaskResumeFromISR), (136 bytes).
    Removing cmsis_os.o(.rev16_text), (4 bytes).
    Removing cmsis_os.o(.revsh_text), (4 bytes).
    Removing cmsis_os.o(i.inHandlerMode), (12 bytes).
    Removing cmsis_os.o(i.makeCmsisPriority), (14 bytes).
    Removing cmsis_os.o(i.osAbortDelay), (4 bytes).
    Removing cmsis_os.o(i.osDelayUntil), (4 bytes).
    Removing cmsis_os.o(i.osKernelRunning), (18 bytes).
    Removing cmsis_os.o(i.osKernelSysTick), (24 bytes).
    Removing cmsis_os.o(i.osMailAlloc), (12 bytes).
    Removing cmsis_os.o(i.osMailCAlloc), (32 bytes).
    Removing cmsis_os.o(i.osMailCreate), (92 bytes).
    Removing cmsis_os.o(i.osMailFree), (12 bytes).
    Removing cmsis_os.o(i.osMailGet), (144 bytes).
    Removing cmsis_os.o(i.osMailPut), (92 bytes).
    Removing cmsis_os.o(i.osMessageAvailableSpace), (4 bytes).
    Removing cmsis_os.o(i.osMessageCreate), (8 bytes).
    Removing cmsis_os.o(i.osMessageDelete), (24 bytes).
    Removing cmsis_os.o(i.osMessageGet), (148 bytes).
    Removing cmsis_os.o(i.osMessagePeek), (74 bytes).
    Removing cmsis_os.o(i.osMessagePut), (92 bytes).
    Removing cmsis_os.o(i.osMessageWaiting), (30 bytes).
    Removing cmsis_os.o(i.osMutexCreate), (6 bytes).
    Removing cmsis_os.o(i.osMutexDelete), (24 bytes).
    Removing cmsis_os.o(i.osMutexRelease), (80 bytes).
    Removing cmsis_os.o(i.osMutexWait), (100 bytes).
    Removing cmsis_os.o(i.osPoolAlloc), (106 bytes).
    Removing cmsis_os.o(i.osPoolCAlloc), (16 bytes).
    Removing cmsis_os.o(i.osPoolCreate), (94 bytes).
    Removing cmsis_os.o(i.osPoolFree), (48 bytes).
    Removing cmsis_os.o(i.osRecursiveMutexCreate), (4 bytes).
    Removing cmsis_os.o(i.osRecursiveMutexRelease), (4 bytes).
    Removing cmsis_os.o(i.osRecursiveMutexWait), (4 bytes).
    Removing cmsis_os.o(i.osSemaphoreCreate), (38 bytes).
    Removing cmsis_os.o(i.osSemaphoreDelete), (24 bytes).
    Removing cmsis_os.o(i.osSemaphoreGetCount), (4 bytes).
    Removing cmsis_os.o(i.osSemaphoreRelease), (80 bytes).
    Removing cmsis_os.o(i.osSemaphoreWait), (100 bytes).
    Removing cmsis_os.o(i.osSignalSet), (92 bytes).
    Removing cmsis_os.o(i.osSignalWait), (86 bytes).
    Removing cmsis_os.o(i.osThreadGetId), (4 bytes).
    Removing cmsis_os.o(i.osThreadGetPriority), (32 bytes).
    Removing cmsis_os.o(i.osThreadList), (4 bytes).
    Removing cmsis_os.o(i.osThreadResume), (52 bytes).
    Removing cmsis_os.o(i.osThreadResumeAll), (18 bytes).
    Removing cmsis_os.o(i.osThreadSetPriority), (22 bytes).
    Removing cmsis_os.o(i.osThreadSuspend), (10 bytes).
    Removing cmsis_os.o(i.osThreadSuspendAll), (10 bytes).
    Removing cmsis_os.o(i.osThreadTerminate), (10 bytes).
    Removing cmsis_os.o(i.osThreadYield), (24 bytes).
    Removing cmsis_os.o(i.osTimerCreate), (4 bytes).
    Removing cmsis_os.o(i.osTimerDelete), (4 bytes).
    Removing cmsis_os.o(i.osTimerStart), (4 bytes).
    Removing cmsis_os.o(i.osTimerStop), (4 bytes).

782 unused section(s) (total 86986 bytes) removed from the image.

==============================================================================

Image Symbol Table

    Local Symbols

    Symbol Name                              Value     Ov Type        Size  Object(Section)

    ..//Src/system_stm32l4xx.c               0x00000000   Number         0  system_stm32l4xx.o ABSOLUTE
    ../Drivers/STM32L4xx_HAL_Driver/Src/stm32l4xx_hal.c 0x00000000   Number         0  stm32l4xx_hal.o ABSOLUTE
    ../Drivers/STM32L4xx_HAL_Driver/Src/stm32l4xx_hal_cortex.c 0x00000000   Number         0  stm32l4xx_hal_cortex.o ABSOLUTE
    ../Drivers/STM32L4xx_HAL_Driver/Src/stm32l4xx_hal_dma.c 0x00000000   Number         0  stm32l4xx_hal_dma.o ABSOLUTE
    ../Drivers/STM32L4xx_HAL_Driver/Src/stm32l4xx_hal_dma_ex.c 0x00000000   Number         0  stm32l4xx_hal_dma_ex.o ABSOLUTE
    ../Drivers/STM32L4xx_HAL_Driver/Src/stm32l4xx_hal_flash.c 0x00000000   Number         0  stm32l4xx_hal_flash.o ABSOLUTE
    ../Drivers/STM32L4xx_HAL_Driver/Src/stm32l4xx_hal_flash_ex.c 0x00000000   Number         0  stm32l4xx_hal_flash_ex.o ABSOLUTE
    ../Drivers/STM32L4xx_HAL_Driver/Src/stm32l4xx_hal_flash_ramfunc.c 0x00000000   Number         0  stm32l4xx_hal_flash_ramfunc.o ABSOLUTE
    ../Drivers/STM32L4xx_HAL_Driver/Src/stm32l4xx_hal_gpio.c 0x00000000   Number         0  stm32l4xx_hal_gpio.o ABSOLUTE
    ../Drivers/STM32L4xx_HAL_Driver/Src/stm32l4xx_hal_i2c.c 0x00000000   Number         0  stm32l4xx_hal_i2c.o ABSOLUTE
    ../Drivers/STM32L4xx_HAL_Driver/Src/stm32l4xx_hal_i2c_ex.c 0x00000000   Number         0  stm32l4xx_hal_i2c_ex.o ABSOLUTE
    ../Drivers/STM32L4xx_HAL_Driver/Src/stm32l4xx_hal_pwr.c 0x00000000   Number         0  stm32l4xx_hal_pwr.o ABSOLUTE
    ../Drivers/STM32L4xx_HAL_Driver/Src/stm32l4xx_hal_pwr_ex.c 0x00000000   Number         0  stm32l4xx_hal_pwr_ex.o ABSOLUTE
    ../Drivers/STM32L4xx_HAL_Driver/Src/stm32l4xx_hal_rcc.c 0x00000000   Number         0  stm32l4xx_hal_rcc.o ABSOLUTE
    ../Drivers/STM32L4xx_HAL_Driver/Src/stm32l4xx_hal_rcc_ex.c 0x00000000   Number         0  stm32l4xx_hal_rcc_ex.o ABSOLUTE
    ../Drivers/STM32L4xx_HAL_Driver/Src/stm32l4xx_hal_spi.c 0x00000000   Number         0  stm32l4xx_hal_spi.o ABSOLUTE
    ../Drivers/STM32L4xx_HAL_Driver/Src/stm32l4xx_hal_spi_ex.c 0x00000000   Number         0  stm32l4xx_hal_spi_ex.o ABSOLUTE
    ../Drivers/STM32L4xx_HAL_Driver/Src/stm32l4xx_hal_tim.c 0x00000000   Number         0  stm32l4xx_hal_tim.o ABSOLUTE
    ../Drivers/STM32L4xx_HAL_Driver/Src/stm32l4xx_hal_tim_ex.c 0x00000000   Number         0  stm32l4xx_hal_tim_ex.o ABSOLUTE
    ../Drivers/STM32L4xx_HAL_Driver/Src/stm32l4xx_hal_uart.c 0x00000000   Number         0  stm32l4xx_hal_uart.o ABSOLUTE
    ../Drivers/STM32L4xx_HAL_Driver/Src/stm32l4xx_hal_uart_ex.c 0x00000000   Number         0  stm32l4xx_hal_uart_ex.o ABSOLUTE
    ../Middlewares/Third_Party/FreeRTOS/Source/CMSIS_RTOS/cmsis_os.c 0x00000000   Number         0  cmsis_os.o ABSOLUTE
    ../Middlewares/Third_Party/FreeRTOS/Source/croutine.c 0x00000000   Number         0  croutine.o ABSOLUTE
    ../Middlewares/Third_Party/FreeRTOS/Source/event_groups.c 0x00000000   Number         0  event_groups.o ABSOLUTE
    ../Middlewares/Third_Party/FreeRTOS/Source/list.c 0x00000000   Number         0  list.o ABSOLUTE
    ../Middlewares/Third_Party/FreeRTOS/Source/portable/MemMang/heap_4.c 0x00000000   Number         0  heap_4.o ABSOLUTE
    ../Middlewares/Third_Party/FreeRTOS/Source/portable/RVDS/ARM_CM4F/port.c 0x00000000   Number         0  port.o ABSOLUTE
    ../Middlewares/Third_Party/FreeRTOS/Source/queue.c 0x00000000   Number         0  queue.o ABSOLUTE
    ../Middlewares/Third_Party/FreeRTOS/Source/stream_buffer.c 0x00000000   Number         0  stream_buffer.o ABSOLUTE
    ../Middlewares/Third_Party/FreeRTOS/Source/tasks.c 0x00000000   Number         0  tasks.o ABSOLUTE
    ../Middlewares/Third_Party/FreeRTOS/Source/timers.c 0x00000000   Number         0  timers.o ABSOLUTE
    ../Src/dma.c                             0x00000000   Number         0  dma.o ABSOLUTE
    ../Src/freertos.c                        0x00000000   Number         0  freertos.o ABSOLUTE
    ../Src/gpio.c                            0x00000000   Number         0  gpio.o ABSOLUTE
    ../Src/main.c                            0x00000000   Number         0  main.o ABSOLUTE
    ../Src/spi.c                             0x00000000   Number         0  spi.o ABSOLUTE
    ../Src/stm32l4xx_hal_msp.c               0x00000000   Number         0  stm32l4xx_hal_msp.o ABSOLUTE
    ../Src/stm32l4xx_hal_timebase_TIM.c      0x00000000   Number         0  stm32l4xx_hal_timebase_tim.o ABSOLUTE
    ../Src/stm32l4xx_it.c                    0x00000000   Number         0  stm32l4xx_it.o ABSOLUTE
    ../Src/tim.c                             0x00000000   Number         0  tim.o ABSOLUTE
    ../Src/usart.c                           0x00000000   Number         0  usart.o ABSOLUTE
    ../clib/microlib/division.c              0x00000000   Number         0  uldiv.o ABSOLUTE
    ../clib/microlib/init/entry.s            0x00000000   Number         0  entry11b.o ABSOLUTE
    ../clib/microlib/init/entry.s            0x00000000   Number         0  entry.o ABSOLUTE
    ../clib/microlib/init/entry.s            0x00000000   Number         0  entry8a.o ABSOLUTE
    ../clib/microlib/init/entry.s            0x00000000   Number         0  entry5.o ABSOLUTE
    ../clib/microlib/init/entry.s            0x00000000   Number         0  entry7a.o ABSOLUTE
    ../clib/microlib/init/entry.s            0x00000000   Number         0  entry7b.o ABSOLUTE
    ../clib/microlib/init/entry.s            0x00000000   Number         0  entry8b.o ABSOLUTE
    ../clib/microlib/init/entry.s            0x00000000   Number         0  entry9a.o ABSOLUTE
    ../clib/microlib/init/entry.s            0x00000000   Number         0  entry9b.o ABSOLUTE
    ../clib/microlib/init/entry.s            0x00000000   Number         0  entry10a.o ABSOLUTE
    ../clib/microlib/init/entry.s            0x00000000   Number         0  entry10b.o ABSOLUTE
    ../clib/microlib/init/entry.s            0x00000000   Number         0  entry11a.o ABSOLUTE
    ../clib/microlib/init/entry.s            0x00000000   Number         0  entry2.o ABSOLUTE
    ../clib/microlib/longlong.c              0x00000000   Number         0  llshl.o ABSOLUTE
    ../clib/microlib/longlong.c              0x00000000   Number         0  llushr.o ABSOLUTE
    ../clib/microlib/string/memcpy.c         0x00000000   Number         0  memcpya.o ABSOLUTE
    ../clib/microlib/string/memcpy.c         0x00000000   Number         0  memcpyb.o ABSOLUTE
    ../clib/microlib/string/memset.c         0x00000000   Number         0  memseta.o ABSOLUTE
    ../clib/microlib/string/memset.c         0x00000000   Number         0  memset.o ABSOLUTE
    ..\Drivers\STM32L4xx_HAL_Driver\Src\stm32l4xx_hal.c 0x00000000   Number         0  stm32l4xx_hal.o ABSOLUTE
    ..\Drivers\STM32L4xx_HAL_Driver\Src\stm32l4xx_hal_cortex.c 0x00000000   Number         0  stm32l4xx_hal_cortex.o ABSOLUTE
    ..\Drivers\STM32L4xx_HAL_Driver\Src\stm32l4xx_hal_dma.c 0x00000000   Number         0  stm32l4xx_hal_dma.o ABSOLUTE
    ..\Drivers\STM32L4xx_HAL_Driver\Src\stm32l4xx_hal_dma_ex.c 0x00000000   Number         0  stm32l4xx_hal_dma_ex.o ABSOLUTE
    ..\Drivers\STM32L4xx_HAL_Driver\Src\stm32l4xx_hal_flash.c 0x00000000   Number         0  stm32l4xx_hal_flash.o ABSOLUTE
    ..\Drivers\STM32L4xx_HAL_Driver\Src\stm32l4xx_hal_flash_ex.c 0x00000000   Number         0  stm32l4xx_hal_flash_ex.o ABSOLUTE
    ..\Drivers\STM32L4xx_HAL_Driver\Src\stm32l4xx_hal_flash_ramfunc.c 0x00000000   Number         0  stm32l4xx_hal_flash_ramfunc.o ABSOLUTE
    ..\Drivers\STM32L4xx_HAL_Driver\Src\stm32l4xx_hal_gpio.c 0x00000000   Number         0  stm32l4xx_hal_gpio.o ABSOLUTE
    ..\Drivers\STM32L4xx_HAL_Driver\Src\stm32l4xx_hal_i2c.c 0x00000000   Number         0  stm32l4xx_hal_i2c.o ABSOLUTE
    ..\Drivers\STM32L4xx_HAL_Driver\Src\stm32l4xx_hal_i2c_ex.c 0x00000000   Number         0  stm32l4xx_hal_i2c_ex.o ABSOLUTE
    ..\Drivers\STM32L4xx_HAL_Driver\Src\stm32l4xx_hal_pwr.c 0x00000000   Number         0  stm32l4xx_hal_pwr.o ABSOLUTE
    ..\Drivers\STM32L4xx_HAL_Driver\Src\stm32l4xx_hal_pwr_ex.c 0x00000000   Number         0  stm32l4xx_hal_pwr_ex.o ABSOLUTE
    ..\Drivers\STM32L4xx_HAL_Driver\Src\stm32l4xx_hal_rcc.c 0x00000000   Number         0  stm32l4xx_hal_rcc.o ABSOLUTE
    ..\Drivers\STM32L4xx_HAL_Driver\Src\stm32l4xx_hal_rcc_ex.c 0x00000000   Number         0  stm32l4xx_hal_rcc_ex.o ABSOLUTE
    ..\Drivers\STM32L4xx_HAL_Driver\Src\stm32l4xx_hal_spi.c 0x00000000   Number         0  stm32l4xx_hal_spi.o ABSOLUTE
    ..\Drivers\STM32L4xx_HAL_Driver\Src\stm32l4xx_hal_spi_ex.c 0x00000000   Number         0  stm32l4xx_hal_spi_ex.o ABSOLUTE
    ..\Drivers\STM32L4xx_HAL_Driver\Src\stm32l4xx_hal_tim.c 0x00000000   Number         0  stm32l4xx_hal_tim.o ABSOLUTE
    ..\Drivers\STM32L4xx_HAL_Driver\Src\stm32l4xx_hal_tim_ex.c 0x00000000   Number         0  stm32l4xx_hal_tim_ex.o ABSOLUTE
    ..\Drivers\STM32L4xx_HAL_Driver\Src\stm32l4xx_hal_uart.c 0x00000000   Number         0  stm32l4xx_hal_uart.o ABSOLUTE
    ..\Drivers\STM32L4xx_HAL_Driver\Src\stm32l4xx_hal_uart_ex.c 0x00000000   Number         0  stm32l4xx_hal_uart_ex.o ABSOLUTE
    ..\Middlewares\Third_Party\FreeRTOS\Source\CMSIS_RTOS\cmsis_os.c 0x00000000   Number         0  cmsis_os.o ABSOLUTE
    ..\Middlewares\Third_Party\FreeRTOS\Source\portable\RVDS\ARM_CM4F\port.c 0x00000000   Number         0  port.o ABSOLUTE
    ..\Src\display\courierNew_10ptBitmaps.c  0x00000000   Number         0  couriernew_10ptbitmaps.o ABSOLUTE
    ..\Src\display\dejavu_5x10.c             0x00000000   Number         0  dejavu_5x10.o ABSOLUTE
    ..\Src\display\dejavu_8x14.c             0x00000000   Number         0  dejavu_8x14.o ABSOLUTE
    ..\Src\display\fonts.c                   0x00000000   Number         0  fonts.o ABSOLUTE
    ..\Src\display\ssd1306.c                 0x00000000   Number         0  ssd1306.o ABSOLUTE
    ..\Src\dma.c                             0x00000000   Number         0  dma.o ABSOLUTE
    ..\Src\gpio.c                            0x00000000   Number         0  gpio.o ABSOLUTE
    ..\Src\main.c                            0x00000000   Number         0  main.o ABSOLUTE
    ..\Src\spi.c                             0x00000000   Number         0  spi.o ABSOLUTE
    ..\Src\stm32l4xx_hal_msp.c               0x00000000   Number         0  stm32l4xx_hal_msp.o ABSOLUTE
    ..\Src\stm32l4xx_hal_timebase_TIM.c      0x00000000   Number         0  stm32l4xx_hal_timebase_tim.o ABSOLUTE
    ..\Src\stm32l4xx_it.c                    0x00000000   Number         0  stm32l4xx_it.o ABSOLUTE
    ..\Src\tim.c                             0x00000000   Number         0  tim.o ABSOLUTE
    ..\Src\usart.c                           0x00000000   Number         0  usart.o ABSOLUTE
    ..\\Src\\display\\fonts.c                0x00000000   Number         0  fonts.o ABSOLUTE
    ..\\Src\\display\\ssd1306.c              0x00000000   Number         0  ssd1306.o ABSOLUTE
    ..\\Src\system_stm32l4xx.c               0x00000000   Number         0  system_stm32l4xx.o ABSOLUTE
    dc.s                                     0x00000000   Number         0  dc.o ABSOLUTE
    handlers.s                               0x00000000   Number         0  handlers.o ABSOLUTE
    init.s                                   0x00000000   Number         0  init.o ABSOLUTE
    startup_stm32l496xx.s                    0x00000000   Number         0  startup_stm32l496xx.o ABSOLUTE
    RESET                                    0x08000000   Section      428  startup_stm32l496xx.o(RESET)
    .ARM.Collect$$$$00000000                 0x080001ac   Section        0  entry.o(.ARM.Collect$$$$00000000)
    .ARM.Collect$$$$00000001                 0x080001ac   Section        4  entry2.o(.ARM.Collect$$$$00000001)
    .ARM.Collect$$$$00000004                 0x080001b0   Section        4  entry5.o(.ARM.Collect$$$$00000004)
    .ARM.Collect$$$$00000008                 0x080001b4   Section        0  entry7b.o(.ARM.Collect$$$$00000008)
    .ARM.Collect$$$$0000000A                 0x080001b4   Section        0  entry8b.o(.ARM.Collect$$$$0000000A)
    .ARM.Collect$$$$0000000B                 0x080001b4   Section        8  entry9a.o(.ARM.Collect$$$$0000000B)
    .ARM.Collect$$$$0000000D                 0x080001bc   Section        0  entry10a.o(.ARM.Collect$$$$0000000D)
    .ARM.Collect$$$$0000000F                 0x080001bc   Section        0  entry11a.o(.ARM.Collect$$$$0000000F)
    .ARM.Collect$$$$00002712                 0x080001bc   Section        4  entry2.o(.ARM.Collect$$$$00002712)
    __lit__00000000                          0x080001bc   Data           4  entry2.o(.ARM.Collect$$$$00002712)
    .emb_text                                0x080001c0   Section      190  port.o(.emb_text)
    $v0                                      0x080001c0   Number         0  port.o(.emb_text)
    .text                                    0x08000280   Section       36  startup_stm32l496xx.o(.text)
    $v0                                      0x08000280   Number         0  startup_stm32l496xx.o(.text)
    .text                                    0x080002a4   Section        0  uldiv.o(.text)
    .text                                    0x08000306   Section        0  memcpya.o(.text)
    .text                                    0x0800032a   Section        0  llshl.o(.text)
    .text                                    0x08000348   Section        0  llushr.o(.text)
    .text                                    0x08000368   Section       36  init.o(.text)
    i.BusFault_Handler                       0x0800038c   Section        0  stm32l4xx_it.o(i.BusFault_Handler)
    i.DMA1_Channel2_IRQHandler               0x08000390   Section        0  stm32l4xx_it.o(i.DMA1_Channel2_IRQHandler)
    i.DMA1_Channel3_IRQHandler               0x0800039c   Section        0  stm32l4xx_it.o(i.DMA1_Channel3_IRQHandler)
    i.DMA1_Channel4_IRQHandler               0x080003a8   Section        0  stm32l4xx_it.o(i.DMA1_Channel4_IRQHandler)
    i.DMA1_Channel5_IRQHandler               0x080003b4   Section        0  stm32l4xx_it.o(i.DMA1_Channel5_IRQHandler)
    i.DMA1_Channel6_IRQHandler               0x080003c0   Section        0  stm32l4xx_it.o(i.DMA1_Channel6_IRQHandler)
    i.DMA1_Channel7_IRQHandler               0x080003cc   Section        0  stm32l4xx_it.o(i.DMA1_Channel7_IRQHandler)
    i.Data_Storage_Task                      0x080003d8   Section        0  freertos.o(i.Data_Storage_Task)
    i.DebugMon_Handler                       0x080003e0   Section        0  stm32l4xx_it.o(i.DebugMon_Handler)
    i.Display_Task                           0x080003e2   Section        0  freertos.o(i.Display_Task)
    i.HAL_DMA_Abort_IT                       0x080003ea   Section        0  stm32l4xx_hal_dma.o(i.HAL_DMA_Abort_IT)
    i.HAL_DMA_IRQHandler                     0x08000438   Section        0  stm32l4xx_hal_dma.o(i.HAL_DMA_IRQHandler)
    i.HAL_DMA_Init                           0x080004f4   Section        0  stm32l4xx_hal_dma.o(i.HAL_DMA_Init)
    i.HAL_GPIO_Init                          0x080005b4   Section        0  stm32l4xx_hal_gpio.o(i.HAL_GPIO_Init)
    i.HAL_GPIO_WritePin                      0x0800076c   Section        0  stm32l4xx_hal_gpio.o(i.HAL_GPIO_WritePin)
    i.HAL_GetTick                            0x08000778   Section        0  stm32l4xx_hal.o(i.HAL_GetTick)
    i.HAL_IncTick                            0x08000784   Section        0  stm32l4xx_hal.o(i.HAL_IncTick)
    i.HAL_Init                               0x08000794   Section        0  stm32l4xx_hal.o(i.HAL_Init)
    i.HAL_InitTick                           0x080007b4   Section        0  stm32l4xx_hal_timebase_tim.o(i.HAL_InitTick)
    i.HAL_MspInit                            0x08000828   Section        0  stm32l4xx_hal_msp.o(i.HAL_MspInit)
    i.HAL_NVIC_EnableIRQ                     0x080008a8   Section        0  stm32l4xx_hal_cortex.o(i.HAL_NVIC_EnableIRQ)
    i.HAL_NVIC_SetPriority                   0x080008c0   Section        0  stm32l4xx_hal_cortex.o(i.HAL_NVIC_SetPriority)
    i.HAL_NVIC_SetPriorityGrouping           0x08000900   Section        0  stm32l4xx_hal_cortex.o(i.HAL_NVIC_SetPriorityGrouping)
    i.HAL_PWREx_ControlVoltageScaling        0x08000924   Section        0  stm32l4xx_hal_pwr_ex.o(i.HAL_PWREx_ControlVoltageScaling)
    i.HAL_PWREx_GetVoltageRange              0x0800098c   Section        0  stm32l4xx_hal_pwr_ex.o(i.HAL_PWREx_GetVoltageRange)
    i.HAL_RCCEx_PeriphCLKConfig              0x0800099c   Section        0  stm32l4xx_hal_rcc_ex.o(i.HAL_RCCEx_PeriphCLKConfig)
    i.HAL_RCC_ClockConfig                    0x08000d60   Section        0  stm32l4xx_hal_rcc.o(i.HAL_RCC_ClockConfig)
    i.HAL_RCC_GetClockConfig                 0x08000e78   Section        0  stm32l4xx_hal_rcc.o(i.HAL_RCC_GetClockConfig)
    i.HAL_RCC_GetHCLKFreq                    0x08000eb8   Section        0  stm32l4xx_hal_rcc.o(i.HAL_RCC_GetHCLKFreq)
    i.HAL_RCC_GetPCLK1Freq                   0x08000ec4   Section        0  stm32l4xx_hal_rcc.o(i.HAL_RCC_GetPCLK1Freq)
    i.HAL_RCC_GetPCLK2Freq                   0x08000ee8   Section        0  stm32l4xx_hal_rcc.o(i.HAL_RCC_GetPCLK2Freq)
    i.HAL_RCC_GetSysClockFreq                0x08000f0c   Section        0  stm32l4xx_hal_rcc.o(i.HAL_RCC_GetSysClockFreq)
    i.HAL_RCC_MCOConfig                      0x08000fb0   Section        0  stm32l4xx_hal_rcc.o(i.HAL_RCC_MCOConfig)
    i.HAL_RCC_OscConfig                      0x08000ff8   Section        0  stm32l4xx_hal_rcc.o(i.HAL_RCC_OscConfig)
    i.HAL_RS485Ex_Init                       0x080014b4   Section        0  stm32l4xx_hal_uart_ex.o(i.HAL_RS485Ex_Init)
    i.HAL_SPI_Init                           0x08001540   Section        0  stm32l4xx_hal_spi.o(i.HAL_SPI_Init)
    i.HAL_SPI_MspInit                        0x080015ec   Section        0  spi.o(i.HAL_SPI_MspInit)
    i.HAL_SYSTICK_CLKSourceConfig            0x08001644   Section        0  stm32l4xx_hal_cortex.o(i.HAL_SYSTICK_CLKSourceConfig)
    i.HAL_SYSTICK_Config                     0x0800165c   Section        0  stm32l4xx_hal_cortex.o(i.HAL_SYSTICK_Config)
    i.HAL_TIMEx_Break2Callback               0x08001684   Section        0  stm32l4xx_hal_tim_ex.o(i.HAL_TIMEx_Break2Callback)
    i.HAL_TIMEx_BreakCallback                0x08001686   Section        0  stm32l4xx_hal_tim_ex.o(i.HAL_TIMEx_BreakCallback)
    i.HAL_TIMEx_CommutationCallback          0x08001688   Section        0  stm32l4xx_hal_tim_ex.o(i.HAL_TIMEx_CommutationCallback)
    i.HAL_TIMEx_MasterConfigSynchronization  0x0800168c   Section        0  stm32l4xx_hal_tim_ex.o(i.HAL_TIMEx_MasterConfigSynchronization)
    i.HAL_TIM_Base_Init                      0x080016ec   Section        0  stm32l4xx_hal_tim.o(i.HAL_TIM_Base_Init)
    i.HAL_TIM_Base_MspInit                   0x08001724   Section        0  tim.o(i.HAL_TIM_Base_MspInit)
    i.HAL_TIM_Base_Start_IT                  0x0800179c   Section        0  stm32l4xx_hal_tim.o(i.HAL_TIM_Base_Start_IT)
    i.HAL_TIM_ConfigClockSource              0x080017cc   Section        0  stm32l4xx_hal_tim.o(i.HAL_TIM_ConfigClockSource)
    i.HAL_TIM_IC_CaptureCallback             0x080018b8   Section        0  stm32l4xx_hal_tim.o(i.HAL_TIM_IC_CaptureCallback)
    i.HAL_TIM_IRQHandler                     0x080018ba   Section        0  stm32l4xx_hal_tim.o(i.HAL_TIM_IRQHandler)
    i.HAL_TIM_OC_DelayElapsedCallback        0x08001a3e   Section        0  stm32l4xx_hal_tim.o(i.HAL_TIM_OC_DelayElapsedCallback)
    i.HAL_TIM_PWM_PulseFinishedCallback      0x08001a40   Section        0  stm32l4xx_hal_tim.o(i.HAL_TIM_PWM_PulseFinishedCallback)
    i.HAL_TIM_PeriodElapsedCallback          0x08001a44   Section        0  main.o(i.HAL_TIM_PeriodElapsedCallback)
    i.HAL_TIM_TriggerCallback                0x08001a58   Section        0  stm32l4xx_hal_tim.o(i.HAL_TIM_TriggerCallback)
    i.HAL_UARTEx_WakeupCallback              0x08001a5a   Section        0  stm32l4xx_hal_uart_ex.o(i.HAL_UARTEx_WakeupCallback)
    i.HAL_UART_ErrorCallback                 0x08001a5c   Section        0  stm32l4xx_hal_uart.o(i.HAL_UART_ErrorCallback)
    i.HAL_UART_IRQHandler                    0x08001a60   Section        0  stm32l4xx_hal_uart.o(i.HAL_UART_IRQHandler)
    i.HAL_UART_MspInit                       0x08001ba4   Section        0  usart.o(i.HAL_UART_MspInit)
    i.HAL_UART_TxCpltCallback                0x08001e28   Section        0  stm32l4xx_hal_uart.o(i.HAL_UART_TxCpltCallback)
    i.HardFault_Handler                      0x08001e2a   Section        0  stm32l4xx_it.o(i.HardFault_Handler)
    i.Lights_Task                            0x08001e2c   Section        0  freertos.o(i.Lights_Task)
    i.MX_DMA_Init                            0x08001e34   Section        0  dma.o(i.MX_DMA_Init)
    i.MX_FREERTOS_Init                       0x08001eb0   Section        0  freertos.o(i.MX_FREERTOS_Init)
    i.MX_GPIO_Init                           0x08001f44   Section        0  gpio.o(i.MX_GPIO_Init)
    i.MX_SPI3_Init                           0x0800204c   Section        0  spi.o(i.MX_SPI3_Init)
    i.MX_TIM2_Init                           0x080020b0   Section        0  tim.o(i.MX_TIM2_Init)
    i.MX_TIM6_Init                           0x08002124   Section        0  tim.o(i.MX_TIM6_Init)
    i.MX_TIM7_Init                           0x0800217c   Section        0  tim.o(i.MX_TIM7_Init)
    i.MX_USART1_UART_Init                    0x080021d8   Section        0  usart.o(i.MX_USART1_UART_Init)
    i.MX_USART2_UART_Init                    0x08002234   Section        0  usart.o(i.MX_USART2_UART_Init)
    i.MX_USART3_UART_Init                    0x08002290   Section        0  usart.o(i.MX_USART3_UART_Init)
    i.MemManage_Handler                      0x080022ec   Section        0  stm32l4xx_it.o(i.MemManage_Handler)
    i.Modbus_Receive_Task                    0x080022ee   Section        0  freertos.o(i.Modbus_Receive_Task)
    i.Modbus_Transmit_Task                   0x080022f6   Section        0  freertos.o(i.Modbus_Transmit_Task)
    i.NMI_Handler                            0x080022fe   Section        0  stm32l4xx_it.o(i.NMI_Handler)
    i.NVIC_SetPriority                       0x08002300   Section        0  stm32l4xx_hal_cortex.o(i.NVIC_SetPriority)
    NVIC_SetPriority                         0x08002301   Thumb Code    32  stm32l4xx_hal_cortex.o(i.NVIC_SetPriority)
    i.RCCEx_PLLSAI1_Config                   0x08002320   Section        0  stm32l4xx_hal_rcc_ex.o(i.RCCEx_PLLSAI1_Config)
    RCCEx_PLLSAI1_Config                     0x08002321   Thumb Code   278  stm32l4xx_hal_rcc_ex.o(i.RCCEx_PLLSAI1_Config)
    i.RCCEx_PLLSAI2_Config                   0x0800244c   Section        0  stm32l4xx_hal_rcc_ex.o(i.RCCEx_PLLSAI2_Config)
    RCCEx_PLLSAI2_Config                     0x0800244d   Thumb Code   250  stm32l4xx_hal_rcc_ex.o(i.RCCEx_PLLSAI2_Config)
    i.RCC_SetFlashLatencyFromMSIRange        0x08002554   Section        0  stm32l4xx_hal_rcc.o(i.RCC_SetFlashLatencyFromMSIRange)
    RCC_SetFlashLatencyFromMSIRange          0x08002555   Thumb Code   116  stm32l4xx_hal_rcc.o(i.RCC_SetFlashLatencyFromMSIRange)
    i.StartDefaultTask                       0x080025d0   Section        0  freertos.o(i.StartDefaultTask)
    i.SysTick_Handler                        0x080025d8   Section        0  stm32l4xx_it.o(i.SysTick_Handler)
    i.SystemClock_Config                     0x080025dc   Section        0  main.o(i.SystemClock_Config)
    i.SystemInit                             0x0800267c   Section        0  system_stm32l4xx.o(i.SystemInit)
    i.TIM1_UP_TIM16_IRQHandler               0x080026c0   Section        0  stm32l4xx_it.o(i.TIM1_UP_TIM16_IRQHandler)
    i.TIM6_DAC_IRQHandler                    0x080026cc   Section        0  stm32l4xx_it.o(i.TIM6_DAC_IRQHandler)
    i.TIM7_IRQHandler                        0x080026d8   Section        0  stm32l4xx_it.o(i.TIM7_IRQHandler)
    i.TIM_Base_SetConfig                     0x080026e4   Section        0  stm32l4xx_hal_tim.o(i.TIM_Base_SetConfig)
    i.TIM_ETR_SetConfig                      0x080027a4   Section        0  stm32l4xx_hal_tim.o(i.TIM_ETR_SetConfig)
    i.TIM_ITRx_SetConfig                     0x080027b8   Section        0  stm32l4xx_hal_tim.o(i.TIM_ITRx_SetConfig)
    TIM_ITRx_SetConfig                       0x080027b9   Thumb Code    16  stm32l4xx_hal_tim.o(i.TIM_ITRx_SetConfig)
    i.TIM_TI1_ConfigInputStage               0x080027c8   Section        0  stm32l4xx_hal_tim.o(i.TIM_TI1_ConfigInputStage)
    TIM_TI1_ConfigInputStage                 0x080027c9   Thumb Code    34  stm32l4xx_hal_tim.o(i.TIM_TI1_ConfigInputStage)
    i.TIM_TI2_ConfigInputStage               0x080027ea   Section        0  stm32l4xx_hal_tim.o(i.TIM_TI2_ConfigInputStage)
    TIM_TI2_ConfigInputStage                 0x080027eb   Thumb Code    36  stm32l4xx_hal_tim.o(i.TIM_TI2_ConfigInputStage)
    i.UART_AdvFeatureConfig                  0x0800280e   Section        0  stm32l4xx_hal_uart.o(i.UART_AdvFeatureConfig)
    i.UART_CheckIdleState                    0x080028d6   Section        0  stm32l4xx_hal_uart.o(i.UART_CheckIdleState)
    i.UART_DMAAbortOnError                   0x08002932   Section        0  stm32l4xx_hal_uart.o(i.UART_DMAAbortOnError)
    UART_DMAAbortOnError                     0x08002933   Thumb Code    20  stm32l4xx_hal_uart.o(i.UART_DMAAbortOnError)
    i.UART_EndRxTransfer                     0x08002946   Section        0  stm32l4xx_hal_uart.o(i.UART_EndRxTransfer)
    UART_EndRxTransfer                       0x08002947   Thumb Code    32  stm32l4xx_hal_uart.o(i.UART_EndRxTransfer)
    i.UART_SetConfig                         0x08002968   Section        0  stm32l4xx_hal_uart.o(i.UART_SetConfig)
    i.UART_WaitOnFlagUntilTimeout            0x08002c08   Section        0  stm32l4xx_hal_uart.o(i.UART_WaitOnFlagUntilTimeout)
    i.USART1_IRQHandler                      0x08002c6c   Section        0  stm32l4xx_it.o(i.USART1_IRQHandler)
    i.USART2_IRQHandler                      0x08002c78   Section        0  stm32l4xx_it.o(i.USART2_IRQHandler)
    i.USART3_IRQHandler                      0x08002c84   Section        0  stm32l4xx_it.o(i.USART3_IRQHandler)
    i.UsageFault_Handler                     0x08002c90   Section        0  stm32l4xx_it.o(i.UsageFault_Handler)
    i._Error_Handler                         0x08002c92   Section        0  main.o(i._Error_Handler)
    i.__scatterload_copy                     0x08002c94   Section       14  handlers.o(i.__scatterload_copy)
    i.__scatterload_null                     0x08002ca2   Section        2  handlers.o(i.__scatterload_null)
    i.__scatterload_zeroinit                 0x08002ca4   Section       14  handlers.o(i.__scatterload_zeroinit)
    i.configureTimerForRunTimeStats          0x08002cb2   Section        0  freertos.o(i.configureTimerForRunTimeStats)
    i.getRunTimeCounterValue                 0x08002cb4   Section        0  freertos.o(i.getRunTimeCounterValue)
    i.main                                   0x08002cb8   Section        0  main.o(i.main)
    i.makeFreeRtosPriority                   0x08002cee   Section        0  cmsis_os.o(i.makeFreeRtosPriority)
    makeFreeRtosPriority                     0x08002cef   Thumb Code    12  cmsis_os.o(i.makeFreeRtosPriority)
    i.osDelay                                0x08002cfa   Section        0  cmsis_os.o(i.osDelay)
    i.osKernelStart                          0x08002d08   Section        0  cmsis_os.o(i.osKernelStart)
    i.osSystickHandler                       0x08002d12   Section        0  cmsis_os.o(i.osSystickHandler)
    i.osThreadCreate                         0x08002d26   Section        0  cmsis_os.o(i.osThreadCreate)
    i.prvAddCurrentTaskToDelayedList         0x08002d54   Section        0  tasks.o(i.prvAddCurrentTaskToDelayedList)
    prvAddCurrentTaskToDelayedList           0x08002d55   Thumb Code   102  tasks.o(i.prvAddCurrentTaskToDelayedList)
    i.prvAddNewTaskToReadyList               0x08002dc4   Section        0  tasks.o(i.prvAddNewTaskToReadyList)
    prvAddNewTaskToReadyList                 0x08002dc5   Thumb Code   194  tasks.o(i.prvAddNewTaskToReadyList)
    i.prvDeleteTCB                           0x08002e94   Section        0  tasks.o(i.prvDeleteTCB)
    prvDeleteTCB                             0x08002e95   Thumb Code    20  tasks.o(i.prvDeleteTCB)
    i.prvHeapInit                            0x08002ea8   Section        0  heap_4.o(i.prvHeapInit)
    prvHeapInit                              0x08002ea9   Thumb Code    66  heap_4.o(i.prvHeapInit)
    i.prvIdleTask                            0x08002ef4   Section        0  tasks.o(i.prvIdleTask)
    prvIdleTask                              0x08002ef5   Thumb Code    86  tasks.o(i.prvIdleTask)
    i.prvInitialiseNewTask                   0x08002f58   Section        0  tasks.o(i.prvInitialiseNewTask)
    prvInitialiseNewTask                     0x08002f59   Thumb Code   144  tasks.o(i.prvInitialiseNewTask)
    i.prvInsertBlockIntoFreeList             0x08002fe8   Section        0  heap_4.o(i.prvInsertBlockIntoFreeList)
    prvInsertBlockIntoFreeList               0x08002fe9   Thumb Code    72  heap_4.o(i.prvInsertBlockIntoFreeList)
    i.prvResetNextTaskUnblockTime            0x08003034   Section        0  tasks.o(i.prvResetNextTaskUnblockTime)
    prvResetNextTaskUnblockTime              0x08003035   Thumb Code    26  tasks.o(i.prvResetNextTaskUnblockTime)
    i.prvTaskExitError                       0x08003054   Section        0  port.o(i.prvTaskExitError)
    prvTaskExitError                         0x08003055   Thumb Code    36  port.o(i.prvTaskExitError)
    i.pvPortMalloc                           0x0800307c   Section        0  heap_4.o(i.pvPortMalloc)
    i.pxPortInitialiseStack                  0x08003154   Section        0  port.o(i.pxPortInitialiseStack)
    i.uxListRemove                           0x08003180   Section        0  list.o(i.uxListRemove)
    i.vApplicationIdleHook                   0x080031a6   Section        0  freertos.o(i.vApplicationIdleHook)
    i.vApplicationStackOverflowHook          0x080031a8   Section        0  freertos.o(i.vApplicationStackOverflowHook)
    i.vListInitialise                        0x080031aa   Section        0  list.o(i.vListInitialise)
    i.vListInitialiseItem                    0x080031c0   Section        0  list.o(i.vListInitialiseItem)
    i.vListInsert                            0x080031c6   Section        0  list.o(i.vListInsert)
    i.vListInsertEnd                         0x080031f6   Section        0  list.o(i.vListInsertEnd)
    i.vPortEnterCritical                     0x08003210   Section        0  port.o(i.vPortEnterCritical)
    i.vPortExitCritical                      0x08003250   Section        0  port.o(i.vPortExitCritical)
    i.vPortFree                              0x08003278   Section        0  heap_4.o(i.vPortFree)
    i.vPortSetupTimerInterrupt               0x080032d4   Section        0  port.o(i.vPortSetupTimerInterrupt)
    i.vTaskDelay                             0x080032f8   Section        0  tasks.o(i.vTaskDelay)
    i.vTaskStartScheduler                    0x08003344   Section        0  tasks.o(i.vTaskStartScheduler)
    i.vTaskSuspendAll                        0x080033b0   Section        0  tasks.o(i.vTaskSuspendAll)
    i.vTaskSwitchContext                     0x080033c0   Section        0  tasks.o(i.vTaskSwitchContext)
    i.xPortStartScheduler                    0x0800344c   Section        0  port.o(i.xPortStartScheduler)
    i.xPortSysTickHandler                    0x08003540   Section        0  port.o(i.xPortSysTickHandler)
    i.xTaskCreate                            0x0800356c   Section        0  tasks.o(i.xTaskCreate)
    i.xTaskGetSchedulerState                 0x080035c4   Section        0  tasks.o(i.xTaskGetSchedulerState)
    i.xTaskIncrementTick                     0x080035e0   Section        0  tasks.o(i.xTaskIncrementTick)
    i.xTaskResumeAll                         0x080036a8   Section        0  tasks.o(i.xTaskResumeAll)
    .constdata                               0x0800376c   Section      120  freertos.o(.constdata)
    .constdata                               0x080037e4   Section       64  system_stm32l4xx.o(.constdata)
    .constdata                               0x08003824   Section        8  system_stm32l4xx.o(.constdata)
    .conststring                             0x0800382c   Section       72  freertos.o(.conststring)
    .data                                    0x20000000   Section       24  freertos.o(.data)
    .data                                    0x20000018   Section        4  stm32l4xx_hal.o(.data)
    .data                                    0x2000001c   Section        4  system_stm32l4xx.o(.data)
    .data                                    0x20000020   Section       24  heap_4.o(.data)
    pxEnd                                    0x20000020   Data           4  heap_4.o(.data)
    xFreeBytesRemaining                      0x20000024   Data           4  heap_4.o(.data)
    xMinimumEverFreeBytesRemaining           0x20000028   Data           4  heap_4.o(.data)
    xBlockAllocatedBit                       0x2000002c   Data           4  heap_4.o(.data)
    xStart                                   0x20000030   Data           8  heap_4.o(.data)
    .data                                    0x20000038   Section       12  port.o(.data)
    ucMaxSysCallPriority                     0x20000038   Data           1  port.o(.data)
    uxCriticalNesting                        0x2000003c   Data           4  port.o(.data)
    ulMaxPRIGROUPValue                       0x20000040   Data           4  port.o(.data)
    .data                                    0x20000044   Section       68  tasks.o(.data)
    pxDelayedTaskList                        0x20000048   Data           4  tasks.o(.data)
    pxOverflowDelayedTaskList                0x2000004c   Data           4  tasks.o(.data)
    uxDeletedTasksWaitingCleanUp             0x20000050   Data           4  tasks.o(.data)
    uxCurrentNumberOfTasks                   0x20000054   Data           4  tasks.o(.data)
    xTickCount                               0x20000058   Data           4  tasks.o(.data)
    uxTopReadyPriority                       0x2000005c   Data           4  tasks.o(.data)
    xSchedulerRunning                        0x20000060   Data           4  tasks.o(.data)
    uxPendedTicks                            0x20000064   Data           4  tasks.o(.data)
    xYieldPending                            0x20000068   Data           4  tasks.o(.data)
    xNumOfOverflows                          0x2000006c   Data           4  tasks.o(.data)
    uxTaskNumber                             0x20000070   Data           4  tasks.o(.data)
    xNextTaskUnblockTime                     0x20000074   Data           4  tasks.o(.data)
    xIdleTaskHandle                          0x20000078   Data           4  tasks.o(.data)
    uxSchedulerSuspended                     0x2000007c   Data           4  tasks.o(.data)
    ulTaskSwitchedInTime                     0x20000080   Data           4  tasks.o(.data)
    ulTotalRunTime                           0x20000084   Data           4  tasks.o(.data)
    .bss                                     0x20000088   Section      100  spi.o(.bss)
    .bss                                     0x200000ec   Section      192  tim.o(.bss)
    .bss                                     0x200001ac   Section      792  usart.o(.bss)
    .bss                                     0x200004c4   Section       64  stm32l4xx_hal_timebase_tim.o(.bss)
    .bss                                     0x20000504   Section    10240  heap_4.o(.bss)
    ucHeap                                   0x20000504   Data       10240  heap_4.o(.bss)
    .bss                                     0x20002d04   Section      240  tasks.o(.bss)
    pxReadyTasksLists                        0x20002d04   Data         140  tasks.o(.bss)
    xDelayedTaskList1                        0x20002d90   Data          20  tasks.o(.bss)
    xDelayedTaskList2                        0x20002da4   Data          20  tasks.o(.bss)
    xPendingReadyList                        0x20002db8   Data          20  tasks.o(.bss)
    xTasksWaitingTermination                 0x20002dcc   Data          20  tasks.o(.bss)
    xSuspendedTaskList                       0x20002de0   Data          20  tasks.o(.bss)
    STACK                                    0x20002df8   Section     1024  startup_stm32l496xx.o(STACK)

    Global Symbols

    Symbol Name                              Value     Ov Type        Size  Object(Section)

    BuildAttributes$$THM_ISAv4$E$P$D$K$B$S$7EM$VFPi3$EXTD16$VFPS$VFMA$PE$A:L22UL41UL21$X:L11$S22US41US21$IEEE1$IW$USESV6$~STKCKD$USESV7$~SHL$OSPACE$EBA8$MICROLIB$REQ8$PRES8$EABIv2 0x00000000   Number         0  anon$$obj.o ABSOLUTE
    __ARM_use_no_argv                        0x00000000   Number         0  main.o ABSOLUTE
    __cpp_initialize__aeabi_                  - Undefined Weak Reference
    __cxa_finalize                            - Undefined Weak Reference
    __decompress                              - Undefined Weak Reference
    _clock_init                               - Undefined Weak Reference
    _microlib_exit                            - Undefined Weak Reference
    __Vectors_Size                           0x000001ac   Number         0  startup_stm32l496xx.o ABSOLUTE
    __Vectors                                0x08000000   Data           4  startup_stm32l496xx.o(RESET)
    __Vectors_End                            0x080001ac   Data           0  startup_stm32l496xx.o(RESET)
    __main                                   0x080001ad   Thumb Code     0  entry.o(.ARM.Collect$$$$00000000)
    _main_stk                                0x080001ad   Thumb Code     0  entry2.o(.ARM.Collect$$$$00000001)
    _main_scatterload                        0x080001b1   Thumb Code     0  entry5.o(.ARM.Collect$$$$00000004)
    __main_after_scatterload                 0x080001b5   Thumb Code     0  entry5.o(.ARM.Collect$$$$00000004)
    _main_clock                              0x080001b5   Thumb Code     0  entry7b.o(.ARM.Collect$$$$00000008)
    _main_cpp_init                           0x080001b5   Thumb Code     0  entry8b.o(.ARM.Collect$$$$0000000A)
    _main_init                               0x080001b5   Thumb Code     0  entry9a.o(.ARM.Collect$$$$0000000B)
    __rt_final_cpp                           0x080001bd   Thumb Code     0  entry10a.o(.ARM.Collect$$$$0000000D)
    __rt_final_exit                          0x080001bd   Thumb Code     0  entry11a.o(.ARM.Collect$$$$0000000F)
    SVC_Handler                              0x080001c1   Thumb Code    28  port.o(.emb_text)
    __asm___6_port_c_39a90d8d__prvStartFirstTask 0x080001e1   Thumb Code    36  port.o(.emb_text)
    __asm___6_port_c_39a90d8d__prvEnableVFP  0x08000209   Thumb Code    16  port.o(.emb_text)
    PendSV_Handler                           0x0800021d   Thumb Code    88  port.o(.emb_text)
    vPortGetIPSR                             0x08000279   Thumb Code     6  port.o(.emb_text)
    Reset_Handler                            0x08000281   Thumb Code     8  startup_stm32l496xx.o(.text)
    ADC1_2_IRQHandler                        0x0800029b   Thumb Code     0  startup_stm32l496xx.o(.text)
    ADC3_IRQHandler                          0x0800029b   Thumb Code     0  startup_stm32l496xx.o(.text)
    CAN1_RX0_IRQHandler                      0x0800029b   Thumb Code     0  startup_stm32l496xx.o(.text)
    CAN1_RX1_IRQHandler                      0x0800029b   Thumb Code     0  startup_stm32l496xx.o(.text)
    CAN1_SCE_IRQHandler                      0x0800029b   Thumb Code     0  startup_stm32l496xx.o(.text)
    CAN1_TX_IRQHandler                       0x0800029b   Thumb Code     0  startup_stm32l496xx.o(.text)
    CAN2_RX0_IRQHandler                      0x0800029b   Thumb Code     0  startup_stm32l496xx.o(.text)
    CAN2_RX1_IRQHandler                      0x0800029b   Thumb Code     0  startup_stm32l496xx.o(.text)
    CAN2_SCE_IRQHandler                      0x0800029b   Thumb Code     0  startup_stm32l496xx.o(.text)
    CAN2_TX_IRQHandler                       0x0800029b   Thumb Code     0  startup_stm32l496xx.o(.text)
    COMP_IRQHandler                          0x0800029b   Thumb Code     0  startup_stm32l496xx.o(.text)
    CRS_IRQHandler                           0x0800029b   Thumb Code     0  startup_stm32l496xx.o(.text)
    DCMI_IRQHandler                          0x0800029b   Thumb Code     0  startup_stm32l496xx.o(.text)
    DFSDM1_FLT0_IRQHandler                   0x0800029b   Thumb Code     0  startup_stm32l496xx.o(.text)
    DFSDM1_FLT1_IRQHandler                   0x0800029b   Thumb Code     0  startup_stm32l496xx.o(.text)
    DFSDM1_FLT2_IRQHandler                   0x0800029b   Thumb Code     0  startup_stm32l496xx.o(.text)
    DFSDM1_FLT3_IRQHandler                   0x0800029b   Thumb Code     0  startup_stm32l496xx.o(.text)
    DMA1_Channel1_IRQHandler                 0x0800029b   Thumb Code     0  startup_stm32l496xx.o(.text)
    DMA2D_IRQHandler                         0x0800029b   Thumb Code     0  startup_stm32l496xx.o(.text)
    DMA2_Channel1_IRQHandler                 0x0800029b   Thumb Code     0  startup_stm32l496xx.o(.text)
    DMA2_Channel2_IRQHandler                 0x0800029b   Thumb Code     0  startup_stm32l496xx.o(.text)
    DMA2_Channel3_IRQHandler                 0x0800029b   Thumb Code     0  startup_stm32l496xx.o(.text)
    DMA2_Channel4_IRQHandler                 0x0800029b   Thumb Code     0  startup_stm32l496xx.o(.text)
    DMA2_Channel5_IRQHandler                 0x0800029b   Thumb Code     0  startup_stm32l496xx.o(.text)
    DMA2_Channel6_IRQHandler                 0x0800029b   Thumb Code     0  startup_stm32l496xx.o(.text)
    DMA2_Channel7_IRQHandler                 0x0800029b   Thumb Code     0  startup_stm32l496xx.o(.text)
    EXTI0_IRQHandler                         0x0800029b   Thumb Code     0  startup_stm32l496xx.o(.text)
    EXTI15_10_IRQHandler                     0x0800029b   Thumb Code     0  startup_stm32l496xx.o(.text)
    EXTI1_IRQHandler                         0x0800029b   Thumb Code     0  startup_stm32l496xx.o(.text)
    EXTI2_IRQHandler                         0x0800029b   Thumb Code     0  startup_stm32l496xx.o(.text)
    EXTI3_IRQHandler                         0x0800029b   Thumb Code     0  startup_stm32l496xx.o(.text)
    EXTI4_IRQHandler                         0x0800029b   Thumb Code     0  startup_stm32l496xx.o(.text)
    EXTI9_5_IRQHandler                       0x0800029b   Thumb Code     0  startup_stm32l496xx.o(.text)
    FLASH_IRQHandler                         0x0800029b   Thumb Code     0  startup_stm32l496xx.o(.text)
    FMC_IRQHandler                           0x0800029b   Thumb Code     0  startup_stm32l496xx.o(.text)
    FPU_IRQHandler                           0x0800029b   Thumb Code     0  startup_stm32l496xx.o(.text)
    I2C1_ER_IRQHandler                       0x0800029b   Thumb Code     0  startup_stm32l496xx.o(.text)
    I2C1_EV_IRQHandler                       0x0800029b   Thumb Code     0  startup_stm32l496xx.o(.text)
    I2C2_ER_IRQHandler                       0x0800029b   Thumb Code     0  startup_stm32l496xx.o(.text)
    I2C2_EV_IRQHandler                       0x0800029b   Thumb Code     0  startup_stm32l496xx.o(.text)
    I2C3_ER_IRQHandler                       0x0800029b   Thumb Code     0  startup_stm32l496xx.o(.text)
    I2C3_EV_IRQHandler                       0x0800029b   Thumb Code     0  startup_stm32l496xx.o(.text)
    I2C4_ER_IRQHandler                       0x0800029b   Thumb Code     0  startup_stm32l496xx.o(.text)
    I2C4_EV_IRQHandler                       0x0800029b   Thumb Code     0  startup_stm32l496xx.o(.text)
    LCD_IRQHandler                           0x0800029b   Thumb Code     0  startup_stm32l496xx.o(.text)
    LPTIM1_IRQHandler                        0x0800029b   Thumb Code     0  startup_stm32l496xx.o(.text)
    LPTIM2_IRQHandler                        0x0800029b   Thumb Code     0  startup_stm32l496xx.o(.text)
    LPUART1_IRQHandler                       0x0800029b   Thumb Code     0  startup_stm32l496xx.o(.text)
    OTG_FS_IRQHandler                        0x0800029b   Thumb Code     0  startup_stm32l496xx.o(.text)
    PVD_PVM_IRQHandler                       0x0800029b   Thumb Code     0  startup_stm32l496xx.o(.text)
    QUADSPI_IRQHandler                       0x0800029b   Thumb Code     0  startup_stm32l496xx.o(.text)
    RCC_IRQHandler                           0x0800029b   Thumb Code     0  startup_stm32l496xx.o(.text)
    RNG_IRQHandler                           0x0800029b   Thumb Code     0  startup_stm32l496xx.o(.text)
    RTC_Alarm_IRQHandler                     0x0800029b   Thumb Code     0  startup_stm32l496xx.o(.text)
    RTC_WKUP_IRQHandler                      0x0800029b   Thumb Code     0  startup_stm32l496xx.o(.text)
    SAI1_IRQHandler                          0x0800029b   Thumb Code     0  startup_stm32l496xx.o(.text)
    SAI2_IRQHandler                          0x0800029b   Thumb Code     0  startup_stm32l496xx.o(.text)
    SDMMC1_IRQHandler                        0x0800029b   Thumb Code     0  startup_stm32l496xx.o(.text)
    SPI1_IRQHandler                          0x0800029b   Thumb Code     0  startup_stm32l496xx.o(.text)
    SPI2_IRQHandler                          0x0800029b   Thumb Code     0  startup_stm32l496xx.o(.text)
    SPI3_IRQHandler                          0x0800029b   Thumb Code     0  startup_stm32l496xx.o(.text)
    SWPMI1_IRQHandler                        0x0800029b   Thumb Code     0  startup_stm32l496xx.o(.text)
    TAMP_STAMP_IRQHandler                    0x0800029b   Thumb Code     0  startup_stm32l496xx.o(.text)
    TIM1_BRK_TIM15_IRQHandler                0x0800029b   Thumb Code     0  startup_stm32l496xx.o(.text)
    TIM1_CC_IRQHandler                       0x0800029b   Thumb Code     0  startup_stm32l496xx.o(.text)
    TIM1_TRG_COM_TIM17_IRQHandler            0x0800029b   Thumb Code     0  startup_stm32l496xx.o(.text)
    TIM2_IRQHandler                          0x0800029b   Thumb Code     0  startup_stm32l496xx.o(.text)
    TIM3_IRQHandler                          0x0800029b   Thumb Code     0  startup_stm32l496xx.o(.text)
    TIM4_IRQHandler                          0x0800029b   Thumb Code     0  startup_stm32l496xx.o(.text)
    TIM5_IRQHandler                          0x0800029b   Thumb Code     0  startup_stm32l496xx.o(.text)
    TIM8_BRK_IRQHandler                      0x0800029b   Thumb Code     0  startup_stm32l496xx.o(.text)
    TIM8_CC_IRQHandler                       0x0800029b   Thumb Code     0  startup_stm32l496xx.o(.text)
    TIM8_TRG_COM_IRQHandler                  0x0800029b   Thumb Code     0  startup_stm32l496xx.o(.text)
    TIM8_UP_IRQHandler                       0x0800029b   Thumb Code     0  startup_stm32l496xx.o(.text)
    TSC_IRQHandler                           0x0800029b   Thumb Code     0  startup_stm32l496xx.o(.text)
    UART4_IRQHandler                         0x0800029b   Thumb Code     0  startup_stm32l496xx.o(.text)
    UART5_IRQHandler                         0x0800029b   Thumb Code     0  startup_stm32l496xx.o(.text)
    WWDG_IRQHandler                          0x0800029b   Thumb Code     0  startup_stm32l496xx.o(.text)
    __aeabi_uldivmod                         0x080002a5   Thumb Code    98  uldiv.o(.text)
    __aeabi_memcpy                           0x08000307   Thumb Code    36  memcpya.o(.text)
    __aeabi_memcpy4                          0x08000307   Thumb Code     0  memcpya.o(.text)
    __aeabi_memcpy8                          0x08000307   Thumb Code     0  memcpya.o(.text)
    __aeabi_llsl                             0x0800032b   Thumb Code    30  llshl.o(.text)
    _ll_shift_l                              0x0800032b   Thumb Code     0  llshl.o(.text)
    __aeabi_llsr                             0x08000349   Thumb Code    32  llushr.o(.text)
    _ll_ushift_r                             0x08000349   Thumb Code     0  llushr.o(.text)
    __scatterload                            0x08000369   Thumb Code    28  init.o(.text)
    __scatterload_rt2                        0x08000369   Thumb Code     0  init.o(.text)
    BusFault_Handler                         0x0800038d   Thumb Code     2  stm32l4xx_it.o(i.BusFault_Handler)
    DMA1_Channel2_IRQHandler                 0x08000391   Thumb Code     6  stm32l4xx_it.o(i.DMA1_Channel2_IRQHandler)
    DMA1_Channel3_IRQHandler                 0x0800039d   Thumb Code     6  stm32l4xx_it.o(i.DMA1_Channel3_IRQHandler)
    DMA1_Channel4_IRQHandler                 0x080003a9   Thumb Code     6  stm32l4xx_it.o(i.DMA1_Channel4_IRQHandler)
    DMA1_Channel5_IRQHandler                 0x080003b5   Thumb Code     6  stm32l4xx_it.o(i.DMA1_Channel5_IRQHandler)
    DMA1_Channel6_IRQHandler                 0x080003c1   Thumb Code     6  stm32l4xx_it.o(i.DMA1_Channel6_IRQHandler)
    DMA1_Channel7_IRQHandler                 0x080003cd   Thumb Code     6  stm32l4xx_it.o(i.DMA1_Channel7_IRQHandler)
    Data_Storage_Task                        0x080003d9   Thumb Code     8  freertos.o(i.Data_Storage_Task)
    DebugMon_Handler                         0x080003e1   Thumb Code     2  stm32l4xx_it.o(i.DebugMon_Handler)
    Display_Task                             0x080003e3   Thumb Code     8  freertos.o(i.Display_Task)
    HAL_DMA_Abort_IT                         0x080003eb   Thumb Code    78  stm32l4xx_hal_dma.o(i.HAL_DMA_Abort_IT)
    HAL_DMA_IRQHandler                       0x08000439   Thumb Code   186  stm32l4xx_hal_dma.o(i.HAL_DMA_IRQHandler)
    HAL_DMA_Init                             0x080004f5   Thumb Code   178  stm32l4xx_hal_dma.o(i.HAL_DMA_Init)
    HAL_GPIO_Init                            0x080005b5   Thumb Code   398  stm32l4xx_hal_gpio.o(i.HAL_GPIO_Init)
    HAL_GPIO_WritePin                        0x0800076d   Thumb Code    10  stm32l4xx_hal_gpio.o(i.HAL_GPIO_WritePin)
    HAL_GetTick                              0x08000779   Thumb Code     6  stm32l4xx_hal.o(i.HAL_GetTick)
    HAL_IncTick                              0x08000785   Thumb Code    10  stm32l4xx_hal.o(i.HAL_IncTick)
    HAL_Init                                 0x08000795   Thumb Code    30  stm32l4xx_hal.o(i.HAL_Init)
    HAL_InitTick                             0x080007b5   Thumb Code    98  stm32l4xx_hal_timebase_tim.o(i.HAL_InitTick)
    HAL_MspInit                              0x08000829   Thumb Code   122  stm32l4xx_hal_msp.o(i.HAL_MspInit)
    HAL_NVIC_EnableIRQ                       0x080008a9   Thumb Code    22  stm32l4xx_hal_cortex.o(i.HAL_NVIC_EnableIRQ)
    HAL_NVIC_SetPriority                     0x080008c1   Thumb Code    60  stm32l4xx_hal_cortex.o(i.HAL_NVIC_SetPriority)
    HAL_NVIC_SetPriorityGrouping             0x08000901   Thumb Code    26  stm32l4xx_hal_cortex.o(i.HAL_NVIC_SetPriorityGrouping)
    HAL_PWREx_ControlVoltageScaling          0x08000925   Thumb Code    90  stm32l4xx_hal_pwr_ex.o(i.HAL_PWREx_ControlVoltageScaling)
    HAL_PWREx_GetVoltageRange                0x0800098d   Thumb Code    10  stm32l4xx_hal_pwr_ex.o(i.HAL_PWREx_GetVoltageRange)
    HAL_RCCEx_PeriphCLKConfig                0x0800099d   Thumb Code   954  stm32l4xx_hal_rcc_ex.o(i.HAL_RCCEx_PeriphCLKConfig)
    HAL_RCC_ClockConfig                      0x08000d61   Thumb Code   264  stm32l4xx_hal_rcc.o(i.HAL_RCC_ClockConfig)
    HAL_RCC_GetClockConfig                   0x08000e79   Thumb Code    54  stm32l4xx_hal_rcc.o(i.HAL_RCC_GetClockConfig)
    HAL_RCC_GetHCLKFreq                      0x08000eb9   Thumb Code     6  stm32l4xx_hal_rcc.o(i.HAL_RCC_GetHCLKFreq)
    HAL_RCC_GetPCLK1Freq                     0x08000ec5   Thumb Code    24  stm32l4xx_hal_rcc.o(i.HAL_RCC_GetPCLK1Freq)
    HAL_RCC_GetPCLK2Freq                     0x08000ee9   Thumb Code    24  stm32l4xx_hal_rcc.o(i.HAL_RCC_GetPCLK2Freq)
    HAL_RCC_GetSysClockFreq                  0x08000f0d   Thumb Code   152  stm32l4xx_hal_rcc.o(i.HAL_RCC_GetSysClockFreq)
    HAL_RCC_MCOConfig                        0x08000fb1   Thumb Code    68  stm32l4xx_hal_rcc.o(i.HAL_RCC_MCOConfig)
    HAL_RCC_OscConfig                        0x08000ff9   Thumb Code  1202  stm32l4xx_hal_rcc.o(i.HAL_RCC_OscConfig)
    HAL_RS485Ex_Init                         0x080014b5   Thumb Code   136  stm32l4xx_hal_uart_ex.o(i.HAL_RS485Ex_Init)
    HAL_SPI_Init                             0x08001541   Thumb Code   172  stm32l4xx_hal_spi.o(i.HAL_SPI_Init)
    HAL_SPI_MspInit                          0x080015ed   Thumb Code    72  spi.o(i.HAL_SPI_MspInit)
    HAL_SYSTICK_CLKSourceConfig              0x08001645   Thumb Code    24  stm32l4xx_hal_cortex.o(i.HAL_SYSTICK_CLKSourceConfig)
    HAL_SYSTICK_Config                       0x0800165d   Thumb Code    40  stm32l4xx_hal_cortex.o(i.HAL_SYSTICK_Config)
    HAL_TIMEx_Break2Callback                 0x08001685   Thumb Code     2  stm32l4xx_hal_tim_ex.o(i.HAL_TIMEx_Break2Callback)
    HAL_TIMEx_BreakCallback                  0x08001687   Thumb Code     2  stm32l4xx_hal_tim_ex.o(i.HAL_TIMEx_BreakCallback)
    HAL_TIMEx_CommutationCallback            0x08001689   Thumb Code     2  stm32l4xx_hal_tim_ex.o(i.HAL_TIMEx_CommutationCallback)
    HAL_TIMEx_MasterConfigSynchronization    0x0800168d   Thumb Code    88  stm32l4xx_hal_tim_ex.o(i.HAL_TIMEx_MasterConfigSynchronization)
    HAL_TIM_Base_Init                        0x080016ed   Thumb Code    54  stm32l4xx_hal_tim.o(i.HAL_TIM_Base_Init)
    HAL_TIM_Base_MspInit                     0x08001725   Thumb Code   108  tim.o(i.HAL_TIM_Base_MspInit)
    HAL_TIM_Base_Start_IT                    0x0800179d   Thumb Code    44  stm32l4xx_hal_tim.o(i.HAL_TIM_Base_Start_IT)
    HAL_TIM_ConfigClockSource                0x080017cd   Thumb Code   230  stm32l4xx_hal_tim.o(i.HAL_TIM_ConfigClockSource)
    HAL_TIM_IC_CaptureCallback               0x080018b9   Thumb Code     2  stm32l4xx_hal_tim.o(i.HAL_TIM_IC_CaptureCallback)
    HAL_TIM_IRQHandler                       0x080018bb   Thumb Code   388  stm32l4xx_hal_tim.o(i.HAL_TIM_IRQHandler)
    HAL_TIM_OC_DelayElapsedCallback          0x08001a3f   Thumb Code     2  stm32l4xx_hal_tim.o(i.HAL_TIM_OC_DelayElapsedCallback)
    HAL_TIM_PWM_PulseFinishedCallback        0x08001a41   Thumb Code     2  stm32l4xx_hal_tim.o(i.HAL_TIM_PWM_PulseFinishedCallback)
    HAL_TIM_PeriodElapsedCallback            0x08001a45   Thumb Code    14  main.o(i.HAL_TIM_PeriodElapsedCallback)
    HAL_TIM_TriggerCallback                  0x08001a59   Thumb Code     2  stm32l4xx_hal_tim.o(i.HAL_TIM_TriggerCallback)
    HAL_UARTEx_WakeupCallback                0x08001a5b   Thumb Code     2  stm32l4xx_hal_uart_ex.o(i.HAL_UARTEx_WakeupCallback)
    HAL_UART_ErrorCallback                   0x08001a5d   Thumb Code     2  stm32l4xx_hal_uart.o(i.HAL_UART_ErrorCallback)
    HAL_UART_IRQHandler                      0x08001a61   Thumb Code   320  stm32l4xx_hal_uart.o(i.HAL_UART_IRQHandler)
    HAL_UART_MspInit                         0x08001ba5   Thumb Code   590  usart.o(i.HAL_UART_MspInit)
    HAL_UART_TxCpltCallback                  0x08001e29   Thumb Code     2  stm32l4xx_hal_uart.o(i.HAL_UART_TxCpltCallback)
    HardFault_Handler                        0x08001e2b   Thumb Code     2  stm32l4xx_it.o(i.HardFault_Handler)
    Lights_Task                              0x08001e2d   Thumb Code     8  freertos.o(i.Lights_Task)
    MX_DMA_Init                              0x08001e35   Thumb Code   120  dma.o(i.MX_DMA_Init)
    MX_FREERTOS_Init                         0x08001eb1   Thumb Code   140  freertos.o(i.MX_FREERTOS_Init)
    MX_GPIO_Init                             0x08001f45   Thumb Code   250  gpio.o(i.MX_GPIO_Init)
    MX_SPI3_Init                             0x0800204d   Thumb Code    76  spi.o(i.MX_SPI3_Init)
    MX_TIM2_Init                             0x080020b1   Thumb Code    96  tim.o(i.MX_TIM2_Init)
    MX_TIM6_Init                             0x08002125   Thumb Code    64  tim.o(i.MX_TIM6_Init)
    MX_TIM7_Init                             0x0800217d   Thumb Code    66  tim.o(i.MX_TIM7_Init)
    MX_USART1_UART_Init                      0x080021d9   Thumb Code    68  usart.o(i.MX_USART1_UART_Init)
    MX_USART2_UART_Init                      0x08002235   Thumb Code    68  usart.o(i.MX_USART2_UART_Init)
    MX_USART3_UART_Init                      0x08002291   Thumb Code    68  usart.o(i.MX_USART3_UART_Init)
    MemManage_Handler                        0x080022ed   Thumb Code     2  stm32l4xx_it.o(i.MemManage_Handler)
    Modbus_Receive_Task                      0x080022ef   Thumb Code     8  freertos.o(i.Modbus_Receive_Task)
    Modbus_Transmit_Task                     0x080022f7   Thumb Code     8  freertos.o(i.Modbus_Transmit_Task)
    NMI_Handler                              0x080022ff   Thumb Code     2  stm32l4xx_it.o(i.NMI_Handler)
    StartDefaultTask                         0x080025d1   Thumb Code     8  freertos.o(i.StartDefaultTask)
    SysTick_Handler                          0x080025d9   Thumb Code     4  stm32l4xx_it.o(i.SysTick_Handler)
    SystemClock_Config                       0x080025dd   Thumb Code   158  main.o(i.SystemClock_Config)
    SystemInit                               0x0800267d   Thumb Code    56  system_stm32l4xx.o(i.SystemInit)
    TIM1_UP_TIM16_IRQHandler                 0x080026c1   Thumb Code     6  stm32l4xx_it.o(i.TIM1_UP_TIM16_IRQHandler)
    TIM6_DAC_IRQHandler                      0x080026cd   Thumb Code     6  stm32l4xx_it.o(i.TIM6_DAC_IRQHandler)
    TIM7_IRQHandler                          0x080026d9   Thumb Code     6  stm32l4xx_it.o(i.TIM7_IRQHandler)
    TIM_Base_SetConfig                       0x080026e5   Thumb Code   160  stm32l4xx_hal_tim.o(i.TIM_Base_SetConfig)
    TIM_ETR_SetConfig                        0x080027a5   Thumb Code    20  stm32l4xx_hal_tim.o(i.TIM_ETR_SetConfig)
    UART_AdvFeatureConfig                    0x0800280f   Thumb Code   200  stm32l4xx_hal_uart.o(i.UART_AdvFeatureConfig)
    UART_CheckIdleState                      0x080028d7   Thumb Code    92  stm32l4xx_hal_uart.o(i.UART_CheckIdleState)
    UART_SetConfig                           0x08002969   Thumb Code   622  stm32l4xx_hal_uart.o(i.UART_SetConfig)
    UART_WaitOnFlagUntilTimeout              0x08002c09   Thumb Code   100  stm32l4xx_hal_uart.o(i.UART_WaitOnFlagUntilTimeout)
    USART1_IRQHandler                        0x08002c6d   Thumb Code     6  stm32l4xx_it.o(i.USART1_IRQHandler)
    USART2_IRQHandler                        0x08002c79   Thumb Code     6  stm32l4xx_it.o(i.USART2_IRQHandler)
    USART3_IRQHandler                        0x08002c85   Thumb Code     6  stm32l4xx_it.o(i.USART3_IRQHandler)
    UsageFault_Handler                       0x08002c91   Thumb Code     2  stm32l4xx_it.o(i.UsageFault_Handler)
    _Error_Handler                           0x08002c93   Thumb Code     2  main.o(i._Error_Handler)
    __scatterload_copy                       0x08002c95   Thumb Code    14  handlers.o(i.__scatterload_copy)
    __scatterload_null                       0x08002ca3   Thumb Code     2  handlers.o(i.__scatterload_null)
    __scatterload_zeroinit                   0x08002ca5   Thumb Code    14  handlers.o(i.__scatterload_zeroinit)
    configureTimerForRunTimeStats            0x08002cb3   Thumb Code     2  freertos.o(i.configureTimerForRunTimeStats)
    getRunTimeCounterValue                   0x08002cb5   Thumb Code     4  freertos.o(i.getRunTimeCounterValue)
    main                                     0x08002cb9   Thumb Code    54  main.o(i.main)
    osDelay                                  0x08002cfb   Thumb Code    14  cmsis_os.o(i.osDelay)
    osKernelStart                            0x08002d09   Thumb Code    10  cmsis_os.o(i.osKernelStart)
    osSystickHandler                         0x08002d13   Thumb Code    20  cmsis_os.o(i.osSystickHandler)
    osThreadCreate                           0x08002d27   Thumb Code    46  cmsis_os.o(i.osThreadCreate)
    pvPortMalloc                             0x0800307d   Thumb Code   210  heap_4.o(i.pvPortMalloc)
    pxPortInitialiseStack                    0x08003155   Thumb Code    40  port.o(i.pxPortInitialiseStack)
    uxListRemove                             0x08003181   Thumb Code    38  list.o(i.uxListRemove)
    vApplicationIdleHook                     0x080031a7   Thumb Code     2  freertos.o(i.vApplicationIdleHook)
    vApplicationStackOverflowHook            0x080031a9   Thumb Code     2  freertos.o(i.vApplicationStackOverflowHook)
    vListInitialise                          0x080031ab   Thumb Code    22  list.o(i.vListInitialise)
    vListInitialiseItem                      0x080031c1   Thumb Code     6  list.o(i.vListInitialiseItem)
    vListInsert                              0x080031c7   Thumb Code    48  list.o(i.vListInsert)
    vListInsertEnd                           0x080031f7   Thumb Code    24  list.o(i.vListInsertEnd)
    vPortEnterCritical                       0x08003211   Thumb Code    54  port.o(i.vPortEnterCritical)
    vPortExitCritical                        0x08003251   Thumb Code    34  port.o(i.vPortExitCritical)
    vPortFree                                0x08003279   Thumb Code    88  heap_4.o(i.vPortFree)
    vPortSetupTimerInterrupt                 0x080032d5   Thumb Code    32  port.o(i.vPortSetupTimerInterrupt)
    vTaskDelay                               0x080032f9   Thumb Code    66  tasks.o(i.vTaskDelay)
    vTaskStartScheduler                      0x08003345   Thumb Code    90  tasks.o(i.vTaskStartScheduler)
    vTaskSuspendAll                          0x080033b1   Thumb Code    10  tasks.o(i.vTaskSuspendAll)
    vTaskSwitchContext                       0x080033c1   Thumb Code   130  tasks.o(i.vTaskSwitchContext)
    xPortStartScheduler                      0x0800344d   Thumb Code   222  port.o(i.xPortStartScheduler)
    xPortSysTickHandler                      0x08003541   Thumb Code    38  port.o(i.xPortSysTickHandler)
    xTaskCreate                              0x0800356d   Thumb Code    86  tasks.o(i.xTaskCreate)
    xTaskGetSchedulerState                   0x080035c5   Thumb Code    22  tasks.o(i.xTaskGetSchedulerState)
    xTaskIncrementTick                       0x080035e1   Thumb Code   192  tasks.o(i.xTaskIncrementTick)
    xTaskResumeAll                           0x080036a9   Thumb Code   182  tasks.o(i.xTaskResumeAll)
    AHBPrescTable                            0x080037e4   Data          16  system_stm32l4xx.o(.constdata)
    MSIRangeTable                            0x080037f4   Data          48  system_stm32l4xx.o(.constdata)
    APBPrescTable                            0x08003824   Data           8  system_stm32l4xx.o(.constdata)
    Region$$Table$$Base                      0x08003874   Number         0  anon$$obj.o(Region$$Table)
    Region$$Table$$Limit                     0x08003894   Number         0  anon$$obj.o(Region$$Table)
    defaultTaskHandle                        0x20000000   Data           4  freertos.o(.data)
    myTask09Handle                           0x20000004   Data           4  freertos.o(.data)
    myTask11Handle                           0x20000008   Data           4  freertos.o(.data)
    myTask13Handle                           0x2000000c   Data           4  freertos.o(.data)
    myTask14Handle                           0x20000010   Data           4  freertos.o(.data)
    myTask17Handle                           0x20000014   Data           4  freertos.o(.data)
    uwTick                                   0x20000018   Data           4  stm32l4xx_hal.o(.data)
    SystemCoreClock                          0x2000001c   Data           4  system_stm32l4xx.o(.data)
    pxCurrentTCB                             0x20000044   Data           4  tasks.o(.data)
    hspi3                                    0x20000088   Data         100  spi.o(.bss)
    htim2                                    0x200000ec   Data          64  tim.o(.bss)
    htim6                                    0x2000012c   Data          64  tim.o(.bss)
    htim7                                    0x2000016c   Data          64  tim.o(.bss)
    huart1                                   0x200001ac   Data         120  usart.o(.bss)
    huart2                                   0x20000224   Data         120  usart.o(.bss)
    huart3                                   0x2000029c   Data         120  usart.o(.bss)
    hdma_usart1_rx                           0x20000314   Data          72  usart.o(.bss)
    hdma_usart1_tx                           0x2000035c   Data          72  usart.o(.bss)
    hdma_usart2_rx                           0x200003a4   Data          72  usart.o(.bss)
    hdma_usart2_tx                           0x200003ec   Data          72  usart.o(.bss)
    hdma_usart3_rx                           0x20000434   Data          72  usart.o(.bss)
    hdma_usart3_tx                           0x2000047c   Data          72  usart.o(.bss)
    htim1                                    0x200004c4   Data          64  stm32l4xx_hal_timebase_tim.o(.bss)
    __initial_sp                             0x200031f8   Data           0  startup_stm32l496xx.o(STACK)



==============================================================================

Memory Map of the image

  Image Entry point : 0x080001ad

  Load Region LR_IROM1 (Base: 0x08000000, Size: 0x0000391c, Max: 0x00100000, ABSOLUTE)

    Execution Region ER_IROM1 (Base: 0x08000000, Size: 0x00003894, Max: 0x00100000, ABSOLUTE)

    Base Addr    Size         Type   Attr      Idx    E Section Name        Object

    0x08000000   0x000001ac   Data   RO            3    RESET               startup_stm32l496xx.o
    0x080001ac   0x00000000   Code   RO         5737  * .ARM.Collect$$$$00000000  mc_w.l(entry.o)
    0x080001ac   0x00000004   Code   RO         5750    .ARM.Collect$$$$00000001  mc_w.l(entry2.o)
    0x080001b0   0x00000004   Code   RO         5753    .ARM.Collect$$$$00000004  mc_w.l(entry5.o)
    0x080001b4   0x00000000   Code   RO         5755    .ARM.Collect$$$$00000008  mc_w.l(entry7b.o)
    0x080001b4   0x00000000   Code   RO         5757    .ARM.Collect$$$$0000000A  mc_w.l(entry8b.o)
    0x080001b4   0x00000008   Code   RO         5758    .ARM.Collect$$$$0000000B  mc_w.l(entry9a.o)
    0x080001bc   0x00000000   Code   RO         5760    .ARM.Collect$$$$0000000D  mc_w.l(entry10a.o)
    0x080001bc   0x00000000   Code   RO         5762    .ARM.Collect$$$$0000000F  mc_w.l(entry11a.o)
    0x080001bc   0x00000004   Code   RO         5751    .ARM.Collect$$$$00002712  mc_w.l(entry2.o)
    0x080001c0   0x000000be   Code   RO         4584    .emb_text           port.o
    0x0800027e   0x00000002   PAD
    0x08000280   0x00000024   Code   RO            4    .text               startup_stm32l496xx.o
    0x080002a4   0x00000062   Code   RO         5740    .text               mc_w.l(uldiv.o)
    0x08000306   0x00000024   Code   RO         5742    .text               mc_w.l(memcpya.o)
    0x0800032a   0x0000001e   Code   RO         5764    .text               mc_w.l(llshl.o)
    0x08000348   0x00000020   Code   RO         5766    .text               mc_w.l(llushr.o)
    0x08000368   0x00000024   Code   RO         5768    .text               mc_w.l(init.o)
    0x0800038c   0x00000002   Code   RO          697    i.BusFault_Handler  stm32l4xx_it.o
    0x0800038e   0x00000002   PAD
    0x08000390   0x0000000c   Code   RO          698    i.DMA1_Channel2_IRQHandler  stm32l4xx_it.o
    0x0800039c   0x0000000c   Code   RO          699    i.DMA1_Channel3_IRQHandler  stm32l4xx_it.o
    0x080003a8   0x0000000c   Code   RO          700    i.DMA1_Channel4_IRQHandler  stm32l4xx_it.o
    0x080003b4   0x0000000c   Code   RO          701    i.DMA1_Channel5_IRQHandler  stm32l4xx_it.o
    0x080003c0   0x0000000c   Code   RO          702    i.DMA1_Channel6_IRQHandler  stm32l4xx_it.o
    0x080003cc   0x0000000c   Code   RO          703    i.DMA1_Channel7_IRQHandler  stm32l4xx_it.o
    0x080003d8   0x00000008   Code   RO          463    i.Data_Storage_Task  freertos.o
    0x080003e0   0x00000002   Code   RO          704    i.DebugMon_Handler  stm32l4xx_it.o
    0x080003e2   0x00000008   Code   RO          464    i.Display_Task      freertos.o
    0x080003ea   0x0000004e   Code   RO         3873    i.HAL_DMA_Abort_IT  stm32l4xx_hal_dma.o
    0x08000438   0x000000ba   Code   RO         3877    i.HAL_DMA_IRQHandler  stm32l4xx_hal_dma.o
    0x080004f2   0x00000002   PAD
    0x080004f4   0x000000c0   Code   RO         3878    i.HAL_DMA_Init      stm32l4xx_hal_dma.o
    0x080005b4   0x000001b8   Code   RO         3808    i.HAL_GPIO_Init     stm32l4xx_hal_gpio.o
    0x0800076c   0x0000000a   Code   RO         3812    i.HAL_GPIO_WritePin  stm32l4xx_hal_gpio.o
    0x08000776   0x00000002   PAD
    0x08000778   0x0000000c   Code   RO         2579    i.HAL_GetTick       stm32l4xx_hal.o
    0x08000784   0x00000010   Code   RO         2583    i.HAL_IncTick       stm32l4xx_hal.o
    0x08000794   0x0000001e   Code   RO         2584    i.HAL_Init          stm32l4xx_hal.o
    0x080007b2   0x00000002   PAD
    0x080007b4   0x00000074   Code   RO          857    i.HAL_InitTick      stm32l4xx_hal_timebase_tim.o
    0x08000828   0x00000080   Code   RO          833    i.HAL_MspInit       stm32l4xx_hal_msp.o
    0x080008a8   0x00000016   Code   RO         4349    i.HAL_NVIC_EnableIRQ  stm32l4xx_hal_cortex.o
    0x080008be   0x00000002   PAD
    0x080008c0   0x00000040   Code   RO         4355    i.HAL_NVIC_SetPriority  stm32l4xx_hal_cortex.o
    0x08000900   0x00000024   Code   RO         4356    i.HAL_NVIC_SetPriorityGrouping  stm32l4xx_hal_cortex.o
    0x08000924   0x00000068   Code   RO         4099    i.HAL_PWREx_ControlVoltageScaling  stm32l4xx_hal_pwr_ex.o
    0x0800098c   0x00000010   Code   RO         4130    i.HAL_PWREx_GetVoltageRange  stm32l4xx_hal_pwr_ex.o
    0x0800099c   0x000003c4   Code   RO         3420    i.HAL_RCCEx_PeriphCLKConfig  stm32l4xx_hal_rcc_ex.o
    0x08000d60   0x00000118   Code   RO         3296    i.HAL_RCC_ClockConfig  stm32l4xx_hal_rcc.o
    0x08000e78   0x00000040   Code   RO         3299    i.HAL_RCC_GetClockConfig  stm32l4xx_hal_rcc.o
    0x08000eb8   0x0000000c   Code   RO         3300    i.HAL_RCC_GetHCLKFreq  stm32l4xx_hal_rcc.o
    0x08000ec4   0x00000024   Code   RO         3302    i.HAL_RCC_GetPCLK1Freq  stm32l4xx_hal_rcc.o
    0x08000ee8   0x00000024   Code   RO         3303    i.HAL_RCC_GetPCLK2Freq  stm32l4xx_hal_rcc.o
    0x08000f0c   0x000000a4   Code   RO         3304    i.HAL_RCC_GetSysClockFreq  stm32l4xx_hal_rcc.o
    0x08000fb0   0x00000048   Code   RO         3305    i.HAL_RCC_MCOConfig  stm32l4xx_hal_rcc.o
    0x08000ff8   0x000004bc   Code   RO         3307    i.HAL_RCC_OscConfig  stm32l4xx_hal_rcc.o
    0x080014b4   0x0000008c   Code   RO         2503    i.HAL_RS485Ex_Init  stm32l4xx_hal_uart_ex.o
    0x08001540   0x000000ac   Code   RO          908    i.HAL_SPI_Init      stm32l4xx_hal_spi.o
    0x080015ec   0x00000058   Code   RO          548    i.HAL_SPI_MspInit   spi.o
    0x08001644   0x00000018   Code   RO         4358    i.HAL_SYSTICK_CLKSourceConfig  stm32l4xx_hal_cortex.o
    0x0800165c   0x00000028   Code   RO         4360    i.HAL_SYSTICK_Config  stm32l4xx_hal_cortex.o
    0x08001684   0x00000002   Code   RO         1889    i.HAL_TIMEx_Break2Callback  stm32l4xx_hal_tim_ex.o
    0x08001686   0x00000002   Code   RO         1890    i.HAL_TIMEx_BreakCallback  stm32l4xx_hal_tim_ex.o
    0x08001688   0x00000002   Code   RO         1891    i.HAL_TIMEx_CommutationCallback  stm32l4xx_hal_tim_ex.o
    0x0800168a   0x00000002   PAD
    0x0800168c   0x00000060   Code   RO         1909    i.HAL_TIMEx_MasterConfigSynchronization  stm32l4xx_hal_tim_ex.o
    0x080016ec   0x00000036   Code   RO         1250    i.HAL_TIM_Base_Init  stm32l4xx_hal_tim.o
    0x08001722   0x00000002   PAD
    0x08001724   0x00000078   Code   RO          590    i.HAL_TIM_Base_MspInit  tim.o
    0x0800179c   0x00000030   Code   RO         1255    i.HAL_TIM_Base_Start_IT  stm32l4xx_hal_tim.o
    0x080017cc   0x000000ec   Code   RO         1259    i.HAL_TIM_ConfigClockSource  stm32l4xx_hal_tim.o
    0x080018b8   0x00000002   Code   RO         1279    i.HAL_TIM_IC_CaptureCallback  stm32l4xx_hal_tim.o
    0x080018ba   0x00000184   Code   RO         1292    i.HAL_TIM_IRQHandler  stm32l4xx_hal_tim.o
    0x08001a3e   0x00000002   Code   RO         1295    i.HAL_TIM_OC_DelayElapsedCallback  stm32l4xx_hal_tim.o
    0x08001a40   0x00000002   Code   RO         1322    i.HAL_TIM_PWM_PulseFinishedCallback  stm32l4xx_hal_tim.o
    0x08001a42   0x00000002   PAD
    0x08001a44   0x00000014   Code   RO          320    i.HAL_TIM_PeriodElapsedCallback  main.o
    0x08001a58   0x00000002   Code   RO         1333    i.HAL_TIM_TriggerCallback  stm32l4xx_hal_tim.o
    0x08001a5a   0x00000002   Code   RO         2509    i.HAL_UARTEx_WakeupCallback  stm32l4xx_hal_uart_ex.o
    0x08001a5c   0x00000002   Code   RO         2168    i.HAL_UART_ErrorCallback  stm32l4xx_hal_uart.o
    0x08001a5e   0x00000002   PAD
    0x08001a60   0x00000144   Code   RO         2171    i.HAL_UART_IRQHandler  stm32l4xx_hal_uart.o
    0x08001ba4   0x00000284   Code   RO          644    i.HAL_UART_MspInit  usart.o
    0x08001e28   0x00000002   Code   RO         2183    i.HAL_UART_TxCpltCallback  stm32l4xx_hal_uart.o
    0x08001e2a   0x00000002   Code   RO          705    i.HardFault_Handler  stm32l4xx_it.o
    0x08001e2c   0x00000008   Code   RO          465    i.Lights_Task       freertos.o
    0x08001e34   0x0000007c   Code   RO          442    i.MX_DMA_Init       dma.o
    0x08001eb0   0x00000094   Code   RO          466    i.MX_FREERTOS_Init  freertos.o
    0x08001f44   0x00000108   Code   RO          418    i.MX_GPIO_Init      gpio.o
    0x0800204c   0x00000064   Code   RO          549    i.MX_SPI3_Init      spi.o
    0x080020b0   0x00000074   Code   RO          591    i.MX_TIM2_Init      tim.o
    0x08002124   0x00000058   Code   RO          592    i.MX_TIM6_Init      tim.o
    0x0800217c   0x0000005c   Code   RO          593    i.MX_TIM7_Init      tim.o
    0x080021d8   0x0000005c   Code   RO          645    i.MX_USART1_UART_Init  usart.o
    0x08002234   0x0000005c   Code   RO          646    i.MX_USART2_UART_Init  usart.o
    0x08002290   0x0000005c   Code   RO          647    i.MX_USART3_UART_Init  usart.o
    0x080022ec   0x00000002   Code   RO          706    i.MemManage_Handler  stm32l4xx_it.o
    0x080022ee   0x00000008   Code   RO          467    i.Modbus_Receive_Task  freertos.o
    0x080022f6   0x00000008   Code   RO          468    i.Modbus_Transmit_Task  freertos.o
    0x080022fe   0x00000002   Code   RO          707    i.NMI_Handler       stm32l4xx_it.o
    0x08002300   0x00000020   Code   RO         4362    i.NVIC_SetPriority  stm32l4xx_hal_cortex.o
    0x08002320   0x0000012c   Code   RO         3424    i.RCCEx_PLLSAI1_Config  stm32l4xx_hal_rcc_ex.o
    0x0800244c   0x00000108   Code   RO         3425    i.RCCEx_PLLSAI2_Config  stm32l4xx_hal_rcc_ex.o
    0x08002554   0x0000007c   Code   RO         3308    i.RCC_SetFlashLatencyFromMSIRange  stm32l4xx_hal_rcc.o
    0x080025d0   0x00000008   Code   RO          469    i.StartDefaultTask  freertos.o
    0x080025d8   0x00000004   Code   RO          708    i.SysTick_Handler   stm32l4xx_it.o
    0x080025dc   0x0000009e   Code   RO          321    i.SystemClock_Config  main.o
    0x0800267a   0x00000002   PAD
    0x0800267c   0x00000044   Code   RO         4480    i.SystemInit        system_stm32l4xx.o
    0x080026c0   0x0000000c   Code   RO          709    i.TIM1_UP_TIM16_IRQHandler  stm32l4xx_it.o
    0x080026cc   0x0000000c   Code   RO          710    i.TIM6_DAC_IRQHandler  stm32l4xx_it.o
    0x080026d8   0x0000000c   Code   RO          711    i.TIM7_IRQHandler   stm32l4xx_it.o
    0x080026e4   0x000000c0   Code   RO         1334    i.TIM_Base_SetConfig  stm32l4xx_hal_tim.o
    0x080027a4   0x00000014   Code   RO         1341    i.TIM_ETR_SetConfig  stm32l4xx_hal_tim.o
    0x080027b8   0x00000010   Code   RO         1342    i.TIM_ITRx_SetConfig  stm32l4xx_hal_tim.o
    0x080027c8   0x00000022   Code   RO         1350    i.TIM_TI1_ConfigInputStage  stm32l4xx_hal_tim.o
    0x080027ea   0x00000024   Code   RO         1352    i.TIM_TI2_ConfigInputStage  stm32l4xx_hal_tim.o
    0x0800280e   0x000000c8   Code   RO         2185    i.UART_AdvFeatureConfig  stm32l4xx_hal_uart.o
    0x080028d6   0x0000005c   Code   RO         2186    i.UART_CheckIdleState  stm32l4xx_hal_uart.o
    0x08002932   0x00000014   Code   RO         2187    i.UART_DMAAbortOnError  stm32l4xx_hal_uart.o
    0x08002946   0x00000020   Code   RO         2197    i.UART_EndRxTransfer  stm32l4xx_hal_uart.o
    0x08002966   0x00000002   PAD
    0x08002968   0x000002a0   Code   RO         2201    i.UART_SetConfig    stm32l4xx_hal_uart.o
    0x08002c08   0x00000064   Code   RO         2204    i.UART_WaitOnFlagUntilTimeout  stm32l4xx_hal_uart.o
    0x08002c6c   0x0000000c   Code   RO          712    i.USART1_IRQHandler  stm32l4xx_it.o
    0x08002c78   0x0000000c   Code   RO          713    i.USART2_IRQHandler  stm32l4xx_it.o
    0x08002c84   0x0000000c   Code   RO          714    i.USART3_IRQHandler  stm32l4xx_it.o
    0x08002c90   0x00000002   Code   RO          715    i.UsageFault_Handler  stm32l4xx_it.o
    0x08002c92   0x00000002   Code   RO          322    i._Error_Handler    main.o
    0x08002c94   0x0000000e   Code   RO         5772    i.__scatterload_copy  mc_w.l(handlers.o)
    0x08002ca2   0x00000002   Code   RO         5773    i.__scatterload_null  mc_w.l(handlers.o)
    0x08002ca4   0x0000000e   Code   RO         5774    i.__scatterload_zeroinit  mc_w.l(handlers.o)
    0x08002cb2   0x00000002   Code   RO          470    i.configureTimerForRunTimeStats  freertos.o
    0x08002cb4   0x00000004   Code   RO          471    i.getRunTimeCounterValue  freertos.o
    0x08002cb8   0x00000036   Code   RO          323    i.main              main.o
    0x08002cee   0x0000000c   Code   RO         5373    i.makeFreeRtosPriority  cmsis_os.o
    0x08002cfa   0x0000000e   Code   RO         5375    i.osDelay           cmsis_os.o
    0x08002d08   0x0000000a   Code   RO         5378    i.osKernelStart     cmsis_os.o
    0x08002d12   0x00000014   Code   RO         5411    i.osSystickHandler  cmsis_os.o
    0x08002d26   0x0000002e   Code   RO         5412    i.osThreadCreate    cmsis_os.o
    0x08002d54   0x00000070   Code   RO         5077    i.prvAddCurrentTaskToDelayedList  tasks.o
    0x08002dc4   0x000000d0   Code   RO         5078    i.prvAddNewTaskToReadyList  tasks.o
    0x08002e94   0x00000014   Code   RO         5079    i.prvDeleteTCB      tasks.o
    0x08002ea8   0x0000004c   Code   RO         4514    i.prvHeapInit       heap_4.o
    0x08002ef4   0x00000064   Code   RO         5080    i.prvIdleTask       tasks.o
    0x08002f58   0x00000090   Code   RO         5081    i.prvInitialiseNewTask  tasks.o
    0x08002fe8   0x0000004c   Code   RO         4515    i.prvInsertBlockIntoFreeList  heap_4.o
    0x08003034   0x00000020   Code   RO         5082    i.prvResetNextTaskUnblockTime  tasks.o
    0x08003054   0x00000028   Code   RO         4585    i.prvTaskExitError  port.o
    0x0800307c   0x000000d8   Code   RO         4516    i.pvPortMalloc      heap_4.o
    0x08003154   0x0000002c   Code   RO         4586    i.pxPortInitialiseStack  port.o
    0x08003180   0x00000026   Code   RO         4750    i.uxListRemove      list.o
    0x080031a6   0x00000002   Code   RO          472    i.vApplicationIdleHook  freertos.o
    0x080031a8   0x00000002   Code   RO          473    i.vApplicationStackOverflowHook  freertos.o
    0x080031aa   0x00000016   Code   RO         4751    i.vListInitialise   list.o
    0x080031c0   0x00000006   Code   RO         4752    i.vListInitialiseItem  list.o
    0x080031c6   0x00000030   Code   RO         4753    i.vListInsert       list.o
    0x080031f6   0x00000018   Code   RO         4754    i.vListInsertEnd    list.o
    0x0800320e   0x00000002   PAD
    0x08003210   0x00000040   Code   RO         4588    i.vPortEnterCritical  port.o
    0x08003250   0x00000028   Code   RO         4589    i.vPortExitCritical  port.o
    0x08003278   0x0000005c   Code   RO         4517    i.vPortFree         heap_4.o
    0x080032d4   0x00000024   Code   RO         4590    i.vPortSetupTimerInterrupt  port.o
    0x080032f8   0x0000004c   Code   RO         5090    i.vTaskDelay        tasks.o
    0x08003344   0x0000006c   Code   RO         5103    i.vTaskStartScheduler  tasks.o
    0x080033b0   0x00000010   Code   RO         5105    i.vTaskSuspendAll   tasks.o
    0x080033c0   0x0000008c   Code   RO         5106    i.vTaskSwitchContext  tasks.o
    0x0800344c   0x000000f4   Code   RO         4592    i.xPortStartScheduler  port.o
    0x08003540   0x0000002c   Code   RO         4593    i.xPortSysTickHandler  port.o
    0x0800356c   0x00000056   Code   RO         5108    i.xTaskCreate       tasks.o
    0x080035c2   0x00000002   PAD
    0x080035c4   0x0000001c   Code   RO         5112    i.xTaskGetSchedulerState  tasks.o
    0x080035e0   0x000000c8   Code   RO         5115    i.xTaskIncrementTick  tasks.o
    0x080036a8   0x000000c4   Code   RO         5121    i.xTaskResumeAll    tasks.o
    0x0800376c   0x00000078   Data   RO          474    .constdata          freertos.o
    0x080037e4   0x00000040   Data   RO         4481    .constdata          system_stm32l4xx.o
    0x08003824   0x00000008   Data   RO         4482    .constdata          system_stm32l4xx.o
    0x0800382c   0x00000048   Data   RO          475    .conststring        freertos.o
    0x08003874   0x00000020   Data   RO         5770    Region$$Table       anon$$obj.o


    Execution Region RW_IRAM1 (Base: 0x20000000, Size: 0x000031f8, Max: 0x00050000, ABSOLUTE)

    Base Addr    Size         Type   Attr      Idx    E Section Name        Object

    0x20000000   0x00000018   Data   RW          476    .data               freertos.o
    0x20000018   0x00000004   Data   RW         2600    .data               stm32l4xx_hal.o
    0x2000001c   0x00000004   Data   RW         4483    .data               system_stm32l4xx.o
    0x20000020   0x00000018   Data   RW         4522    .data               heap_4.o
    0x20000038   0x0000000c   Data   RW         4594    .data               port.o
    0x20000044   0x00000044   Data   RW         5124    .data               tasks.o
    0x20000088   0x00000064   Zero   RW          550    .bss                spi.o
    0x200000ec   0x000000c0   Zero   RW          594    .bss                tim.o
    0x200001ac   0x00000318   Zero   RW          648    .bss                usart.o
    0x200004c4   0x00000040   Zero   RW          860    .bss                stm32l4xx_hal_timebase_tim.o
    0x20000504   0x00002800   Zero   RW         4521    .bss                heap_4.o
    0x20002d04   0x000000f0   Zero   RW         5123    .bss                tasks.o
    0x20002df4   0x00000004   PAD
    0x20002df8   0x00000400   Zero   RW            1    STACK               startup_stm32l496xx.o


==============================================================================

Image component sizes


      Code (inc. data)   RO Data    RW Data    ZI Data      Debug   Object Name

       102          0          0          0          0      13100   cmsis_os.o
         0          0          0          0          0       4504   couriernew_10ptbitmaps.o
       124          4          0          0          0        786   dma.o
         0          0          0          0          0       8020   event_groups.o
         0          0          0          0          0     895024   fonts.o
       206          8        192         24          0       6443   freertos.o
       264         14          0          0          0        995   gpio.o
       460         24          0         24      10240       8519   heap_4.o
       138          0          0          0          0       3326   list.o
       234          6          0          0          0      23081   main.o
       702         72          0         12          0      11000   port.o
       188         40          0          0        100       1593   spi.o
        36          8        428          0       1024        832   startup_stm32l496xx.o
        58         12          0          4          0       2860   stm32l4xx_hal.o
       218         14          0          0          0      30629   stm32l4xx_hal_cortex.o
       456         14          0          0          0       2563   stm32l4xx_hal_dma.o
       450         42          0          0          0       2220   stm32l4xx_hal_gpio.o
       128          6          0          0          0        898   stm32l4xx_hal_msp.o
       120         20          0          0          0       1318   stm32l4xx_hal_pwr_ex.o
      2000        106          0          0          0       8281   stm32l4xx_hal_rcc.o
      1528         46          0          0          0       3736   stm32l4xx_hal_rcc_ex.o
       172          0          0          0          0       1171   stm32l4xx_hal_spi.o
      1032         42          0          0          0       9457   stm32l4xx_hal_tim.o
       102          8          0          0          0       2965   stm32l4xx_hal_tim_ex.o
       116         18          0          0         64       1416   stm32l4xx_hal_timebase_tim.o
      1444         74          0          0          0       7350   stm32l4xx_hal_uart.o
       142          4          0          0          0       1787   stm32l4xx_hal_uart_ex.o
       160         72          0          0          0       8700   stm32l4xx_it.o
        68         12         72          4          0       1209   system_stm32l4xx.o
      1466        116          0         68        240      14891   tasks.o
       416         82          0          0        192       2792   tim.o
       920        126          0          0        792       3502   usart.o

    ----------------------------------------------------------------------
     13478        990        724        136      12656    1084968   Object Totals
         0          0         32          0          0          0   (incl. Generated)
        28          0          0          0          4          0   (incl. Padding)

    ----------------------------------------------------------------------

      Code (inc. data)   RO Data    RW Data    ZI Data      Debug   Library Member Name

         0          0          0          0          0          0   entry.o
         0          0          0          0          0          0   entry10a.o
         0          0          0          0          0          0   entry11a.o
         8          4          0          0          0          0   entry2.o
         4          0          0          0          0          0   entry5.o
         0          0          0          0          0          0   entry7b.o
         0          0          0          0          0          0   entry8b.o
         8          4          0          0          0          0   entry9a.o
        30          0          0          0          0          0   handlers.o
        36          8          0          0          0         68   init.o
        30          0          0          0          0         68   llshl.o
        32          0          0          0          0         68   llushr.o
        36          0          0          0          0         68   memcpya.o
        98          0          0          0          0         92   uldiv.o

    ----------------------------------------------------------------------
       282         16          0          0          0        364   Library Totals
         0          0          0          0          0          0   (incl. Padding)

    ----------------------------------------------------------------------

      Code (inc. data)   RO Data    RW Data    ZI Data      Debug   Library Name

       282         16          0          0          0        364   mc_w.l

    ----------------------------------------------------------------------
       282         16          0          0          0        364   Library Totals

    ----------------------------------------------------------------------

==============================================================================


      Code (inc. data)   RO Data    RW Data    ZI Data      Debug   

     13760       1006        724        136      12656    1071932   Grand Totals
     13760       1006        724        136      12656    1071932   ELF Image Totals
     13760       1006        724        136          0          0   ROM Totals

==============================================================================

    Total RO  Size (Code + RO Data)                14484 (  14.14kB)
    Total RW  Size (RW Data + ZI Data)             12792 (  12.49kB)
    Total ROM Size (Code + RO Data + RW Data)      14620 (  14.28kB)

==============================================================================

