<html>
<body>
<pre>
<h1>µVision Build Log</h1>
<h2>Tool Versions:</h2>
IDE-Version: µVision V5.14.0.0
Copyright (C) 2015 ARM Ltd and ARM Germany GmbH. All rights reserved.
License Information: !!! Microsoft, Microsoft, LIC=QF830-B74JA-EVB1R-KXAMT-GL923-6WCMT
 
Tool Versions:
Toolchain:       MDK-ARM Standard  Version: 5.14.0.0
Toolchain Path:  C:\Keil_v5\ARM\ARMCC\Bin
C Compiler:      Armcc.exe V5.05 update 1 (build 106)
Assembler:       Armasm.exe V5.05 update 1 (build 106)
Linker/Locator:  ArmLink.exe V5.05 update 1 (build 106)
Library Manager: ArmAr.exe V5.05 update 1 (build 106)
Hex Converter:   FromElf.exe V5.05 update 1 (build 106)
CPU DLL:         SARMCM3.DLL V5.14.0.0
Dialog DLL:      DCM.DLL V1.13.1.0
Target DLL:      Segger\JL2CM3.dll V2.99.13.0
Dialog DLL:      TCM.DLL V1.14.4.0
 
<h2>Project:</h2>
D:\Repos\PLC_481_L496_BOOTLOADER\MDK-ARM\PLC_481_L496_BOOTLOADER.uvprojx
Project File Date:  11/08/2018

<h2>Output:</h2>
Build target 'PLC_481_L496_BOOTLOADER'
compiling freertos.c...
../Src/freertos.c(284): warning:  #188-D: enumerated type mixed with another type
                                        ssd1306_Fill(0);
../Src/freertos.c(286): warning:  #188-D: enumerated type mixed with another type
                                        ssd1306_WriteString("Œ¯Ë·Í‡",font_8x15_RU,1);
../Src/freertos.c(288): warning:  #188-D: enumerated type mixed with another type
                                        ssd1306_WriteString("CRC",font_8x14,1);                         
../Src/freertos.c(298): warning:  #188-D: enumerated type mixed with another type
                                        ssd1306_Fill(0);
../Src/freertos.c(300): warning:  #188-D: enumerated type mixed with another type
                                        ssd1306_WriteString("«‡„ÛÁ",font_8x15_RU,1);
../Src/freertos.c(301): warning:  #188-D: enumerated type mixed with another type
                                        ssd1306_WriteString("-",font_8x14,1);
../Src/freertos.c(303): warning:  #188-D: enumerated type mixed with another type
                                        ssd1306_WriteString("˜ËÍ",font_8x15_RU,1);
../Src/freertos.c(306): warning:  #223-D: function "snprintf" declared implicitly
                                        snprintf(buffer, sizeof buffer, " %.01f", VERSION);                             
../Src/freertos.c(307): warning:  #188-D: enumerated type mixed with another type
                                        ssd1306_WriteString(buffer,font_8x14,1);        
../Src/freertos.c(318): warning:  #188-D: enumerated type mixed with another type
                                        ssd1306_Fill(0);
../Src/freertos.c(320): warning:  #188-D: enumerated type mixed with another type
                                        ssd1306_WriteString("FLASH",font_8x14,1);
../Src/freertos.c(322): warning:  #188-D: enumerated type mixed with another type
                                        ssd1306_WriteString("Ó˜Ë˘ÂÌ‡",font_8x15_RU,1);                                  
../Src/freertos.c(329): warning:  #188-D: enumerated type mixed with another type
                                        ssd1306_Fill(0);
../Src/freertos.c(331): warning:  #188-D: enumerated type mixed with another type
                                        ssd1306_WriteString("Œ·ÌÓ‚",font_8x15_RU,1);                                    
../Src/freertos.c(332): warning:  #188-D: enumerated type mixed with another type
                                        ssd1306_WriteString("-",font_8x14,1);                                   
../Src/freertos.c(334): warning:  #188-D: enumerated type mixed with another type
                                        ssd1306_WriteString("ÎÂÌËÂ",font_8x15_RU,1);                                    
../Src/freertos.c(336): warning:  #188-D: enumerated type mixed with another type
                                        ssd1306_WriteString("œŒ",font_8x15_RU,1);                                       
../Src/freertos.c(337): warning:  #188-D: enumerated type mixed with another type
                                        ssd1306_WriteString("...",font_8x14,1);
../Src/freertos.c(344): warning:  #188-D: enumerated type mixed with another type
                                        ssd1306_Fill(0);
../Src/freertos.c(346): warning:  #188-D: enumerated type mixed with another type
                                        ssd1306_WriteString("”—œ≈ÿÕŒ",font_8x15_RU,1);                                                                          
../Src/freertos.c(271): warning:  #177-D: variable "temp_stat" was declared but never referenced
        uint8_t temp_stat = 0;
../Src/freertos.c(378): warning:  #167-D: argument of type "volatile uint8_t *" is incompatible with parameter of type "uint8_t *"
                HAL_UART_Receive_DMA(&huart2, boot_receiveBuffer, 8);
../Src/freertos.c: 22 warnings, 0 errors
linking...
PLC_481_L496_BOOTLOADER\PLC_481_L496_BOOTLOADER.axf: Warning: L6988W: Ignoring unknown patch sdcomp-29491-629360.
Program Size: Code=22148 RO-data=5364 RW-data=188 ZI-data=13292  
Finished: 0 information, 1 warning and 0 error messages.
FromELF: creating hex file...
After Build - User command #1: fromelf --bin --output .\PLC_481_L496_BOOTLOADER.bin .\PLC_481_L496_BOOTLOADER\PLC_481_L496_BOOTLOADER.axf
"PLC_481_L496_BOOTLOADER\PLC_481_L496_BOOTLOADER.axf" - 0 Error(s), 23 Warning(s).

<h2>Software Packages used:</h2>

Package Vendor: ARM
                http://www.keil.com/pack/ARM.CMSIS.4.2.0.pack
                ARM::CMSIS:CORE:3.40.0
                CMSIS (Cortex Microcontroller Software Interface Standard)
   * Component: CORE Version: 3.40.0

<h2>Collection of Component include folders:</h2>
  D:\Repos\PLC_481_L496_BOOTLOADER\MDK-ARM\RTE
  C:\Keil_v5\ARM\PACK\ARM\CMSIS\4.2.0\CMSIS\Include
  C:\Keil_v5\ARM\PACK\Keil\STM32L4xx_DFP\1.4.0

<h2>Collection of Component Files used:</h2>

   * Component: ARM::CMSIS:CORE:3.40.0
      Source file:   CMSIS\UserCodeTemplates\ARM\ITM_Retarget.c
</pre>
</body>
</html>
